******************************************************************************
               TMS320C6x Linker PC v7.4.4                      
******************************************************************************
>> Linked Mon Jun 14 14:24:44 2021

OUTPUT FILE NAME:   <GTZ_One_freq.out>
ENTRY POINT SYMBOL: "_c_int00"  address: 0080cfe0


MEMORY CONFIGURATION

         name            origin    length      used     unused   attr    fill
----------------------  --------  ---------  --------  --------  ----  --------
  L2SRAM                00800000   00080000  0001a8ac  00065754  RW X
  MSMCSRAM              0c000000   00400000  00000000  00400000  RW X
  DDR2                  80000000   10000000  00000000  10000000  RWIX


SEGMENT ALLOCATION MAP

run origin  load origin   length   init length attrs members
----------  ----------- ---------- ----------- ----- -------
00800000    00800000    00010ca0   00010ca0    r-x
  00800000    00800000    00010ca0   00010ca0    r-x .text
00810ca0    00810ca0    00003e40   00000000    rw-
  00810ca0    00810ca0    00003e40   00000000    rw- .far
00814ae0    00814ae0    0000377c   0000377c    r--
  00814ae0    00814ae0    0000377c   0000377c    r-- .const
00818260    00818260    00001000   00000000    rw-
  00818260    00818260    00001000   00000000    rw- .stack
00819260    00819260    00000af4   00000af4    rw-
  00819260    00819260    00000af4   00000af4    rw- .fardata
00819d58    00819d58    00000146   00000000    rw-
  00819d58    00819d58    00000120   00000000    rw- .cio
  00819e78    00819e78    00000026   00000000    rw- .bss
00819ea0    00819ea0    00000018   00000018    rw-
  00819ea0    00819ea0    00000018   00000018    rw- .neardata
0081a000    0081a000    000009fc   000009fc    r-x
  0081a000    0081a000    00000200   00000200    r-x .vecs
  0081a200    0081a200    000007fc   000007fc    r-- .cinit


SECTION ALLOCATION MAP

 output                                  attributes/
section   page    origin      length       input sections
--------  ----  ----------  ----------   ----------------
.init_array 
*          0    00800000    00000000     UNINITIALIZED

xdc.meta   0    00800000    000000e8     COPY SECTION
                  00800000    000000e8     Sys_BIOs_config_pe66.oe66 (xdc.meta)

.text      0    00800000    00010ca0     
                  00800000    000008a0     sysbios.ae66 : BIOS.obj (.text:ti_sysbios_family_c64p_Exception_handler__I)
                  008008a0    000008a0     ti.targets.rts6000.ae66 : System.oe66 (.text:xdc_runtime_System_doPrint__I)
                  00801140    00000600     sysbios.ae66 : BIOS.obj (.text:ti_sysbios_heaps_HeapMem_alloc__E)
                  00801740    00000600                  : BIOS.obj (.text:ti_sysbios_knl_Semaphore_pend__E)
                  00801d40    000005e0                  : BIOS.obj (.text:ti_sysbios_heaps_HeapMem_free__E)
                  00802320    000005a0                  : BIOS.obj (.text:ti_sysbios_timers_timer64_Timer_Module_startup__F)
                  008028c0    00000500                  : BIOS.obj (.text:ti_sysbios_utils_Load_update__E)
                  00802dc0    00000420                  : BIOS.obj (.text:ti_sysbios_knl_Task_sleep__E)
                  008031e0    00000420                  : BIOS.obj (.text:ti_sysbios_utils_Load_logLoads__I)
                  00803600    00000300                  : BIOS.obj (.text:ti_sysbios_family_c64p_Hwi_dispatchC__I)
                  00803900    000002e0     main_gtz.obj (.text)
                  00803be0    000002e0     sysbios.ae66 : BIOS.obj (.text:ti_sysbios_heaps_HeapMem_Instance_init__F)
                  00803ec0    000002c0     ti.uia.runtime.ae66 : LoggerProbePoint.oe66 (.text:ti_uia_runtime_LoggerProbePoint_write8__E)
                  00804180    000002c0                         : LoggerStopMode.oe66 (.text:ti_uia_runtime_LoggerStopMode_write8__E)
                  00804440    000002a0     sysbios.ae66 : BIOS.obj (.text:ti_sysbios_knl_Clock_Instance_init__F)
                  008046e0    000002a0                  : BIOS.obj (.text:ti_sysbios_knl_Clock_workFunc__E)
                  00804980    000002a0                  : BIOS.obj (.text:ti_sysbios_timers_timer64_Timer_deviceConfig__I)
                  00804c20    00000280     rts6600_elf.lib : sin.obj (.text:sin)
                  00804ea0    00000280     ti.uia.runtime.ae66 : LoggerStopMode.oe66 (.text:ti_uia_runtime_LoggerStopMode_writeMemoryRange__E)
                  00805120    00000280     ti.targets.rts6000.ae66 : Error.oe66 (.text:xdc_runtime_Error_raiseX__F)
                  008053a0    00000260     sysbios.ae66 : BIOS.obj (.text:ti_sysbios_family_c64p_Exception_internalHandler__I)
                  00805600    00000260                  : BIOS.obj (.text:ti_sysbios_knl_Semaphore_post__E)
                  00805860    00000260     ti.uia.runtime.ae66 : LoggerProbePoint.oe66 (.text:ti_uia_runtime_LoggerProbePoint_write4__E)
                  00805ac0    00000260                         : LoggerProbePoint.oe66 (.text:ti_uia_runtime_LoggerProbePoint_writeMemoryRange__E)
                  00805d20    00000260     ti.targets.rts6000.ae66 : Startup.oe66 (.text:xdc_runtime_Startup_startMods__I)
                  00805f80    00000260     Sys_BIOs_config_pe66.oe66 (.text:xdc_runtime_System_printfExtend__I)
                  008061e0    00000240     rts6600_elf.lib : imath64.obj (.text:__c6xabi_divull)
                  00806420    00000240     sysbios.ae66 : BIOS.obj (.text:ti_sysbios_knl_Task_exit__E)
                  00806660    00000240     ti.uia.runtime.ae66 : LoggerProbePoint.oe66 (.text:ti_uia_runtime_LoggerProbePoint_write0__E)
                  008068a0    00000240                         : LoggerProbePoint.oe66 (.text:ti_uia_runtime_LoggerProbePoint_write1__E)
                  00806ae0    00000240                         : LoggerProbePoint.oe66 (.text:ti_uia_runtime_LoggerProbePoint_write2__E)
                  00806d20    00000240                         : LoggerStopMode.oe66 (.text:ti_uia_runtime_LoggerStopMode_write4__E)
                  00806f60    00000240     ti.targets.rts6000.ae66 : LoggerBuf.oe66 (.text:xdc_runtime_LoggerBuf_write8__F)
                  008071a0    00000220     sysbios.ae66 : BIOS.obj (.text:ti_sysbios_knl_Swi_run__I)
                  008073c0    00000220                  : BIOS.obj (.text:ti_sysbios_knl_Task_schedule__I)
                  008075e0    00000220                  : BIOS.obj (.text:ti_sysbios_knl_Task_startCore__E)
                  00807800    00000220     ti.targets.rts6000.ae66 : Core-mem.oe66 (.text:xdc_runtime_Core_createObject__I)
                  00807a20    00000200     sysbios.ae66 : c64p_Hwi_disp_always.obj (.text:_ti_sysbios_family_c64p_Hwi_dispatchAlways)
                  00807c20    00000200                  : BIOS.obj (.text:ti_sysbios_utils_Load_taskDeleteHook__E)
                  00807e20    000001e0                  : BIOS.obj (.text:ti_sysbios_family_c64p_Exception_externalHandler__I)
                  00808000    000001e0                  : BIOS.obj (.text:ti_sysbios_knl_Task_checkStacks__E)
                  008081e0    000001e0                  : BIOS.obj (.text:ti_sysbios_knl_Task_postInit__I)
                  008083c0    000001e0                  : BIOS.obj (.text:ti_sysbios_timers_timer64_Timer_getFreq__E)
                  008085a0    000001e0                  : BIOS.obj (.text:ti_sysbios_utils_Load_idleFxn__E)
                  00808780    000001c0                  : BIOS.obj (.text:ti_sysbios_family_c64p_Exception_decodeMpfsr__I)
                  00808940    000001c0                  : BIOS.obj (.text:ti_sysbios_gates_GateMutex_enter__E)
                  00808b00    000001c0                  : BIOS.obj (.text:ti_sysbios_timers_timer64_Timer_setPeriodMicroSecs__E)
                  00808cc0    000001c0     ti.targets.rts6000.ae66 : Text.oe66 (.text:xdc_runtime_Text_putSite__F)
                  00808e80    000001a0     sysbios.ae66 : BIOS.obj (.text:ti_sysbios_timers_timer64_Timer_start__E)
                  00809020    000001a0     ti.targets.rts6000.ae66 : LoggerBuf.oe66 (.text:xdc_runtime_LoggerBuf_write4__F)
                  008091c0    00000180     rts6600_elf.lib : copy_decompress_rle.obj (.text:__TI_decompress_rle_core)
                  00809340    00000180     sysbios.ae66 : c64p_Exception_asm.obj (.text)
                  008094c0    00000180                  : BIOS.obj (.text:ti_sysbios_knl_Swi_schedule__I)
                  00809640    00000180                  : BIOS.obj (.text:ti_sysbios_knl_Task_unblockI__E)
                  008097c0    00000160                  : BIOS.obj (.text:ti_sysbios_utils_Load_taskCreateHook__E)
                  00809920    00000140     boot.ae66 : autoinit.oe66 (.text:_auto_init_elf)
                  00809a60    00000140     sysbios.ae66 : BIOS.obj (.text:ti_sysbios_family_c64p_Exception_Module_startup__F)
                  00809ba0    00000140                  : BIOS.obj (.text:ti_sysbios_family_c64p_Hwi_Module_startup__F)
                  00809ce0    00000140                  : BIOS.obj (.text:ti_sysbios_family_c66_Cache_Module_startup__F)
                  00809e20    00000140                  : BIOS.obj (.text:ti_sysbios_knl_Semaphore_Instance_init__F)
                  00809f60    00000140                  : BIOS.obj (.text:ti_sysbios_knl_Swi_post__E)
                  0080a0a0    00000140                  : BIOS.obj (.text:ti_sysbios_knl_Task_Module_startup__F)
                  0080a1e0    00000140                  : BIOS.obj (.text:ti_sysbios_knl_Task_blockI__E)
                  0080a320    00000140     ti.targets.rts6000.ae66 : Text.oe66 (.text:xdc_runtime_Text_putLab__F)
                  0080a460    00000120     sysbios.ae66 : BIOS.obj (.text:ti_sysbios_BIOS_rtsUnlock__I)
                  0080a580    00000120                  : BIOS.obj (.text:ti_sysbios_knl_Clock_startI__E)
                  0080a6a0    00000120     ti.uia.runtime.ae66 : LoggerProbePoint.oe66 (.text:ti_uia_runtime_LoggerProbePoint_setFilterLevel__E)
                  0080a7c0    00000120                         : LoggerStopMode.oe66 (.text:ti_uia_runtime_LoggerStopMode_setFilterLevel__E)
                  0080a8e0    00000120                         : QueueDescriptor.oe66 (.text:ti_uia_runtime_QueueDescriptor_addToList__E)
                  0080aa00    00000120     util.obj (.text)
                  0080ab20    00000120     ti.targets.rts6000.ae66 : LoggerBuf.oe66 (.text:xdc_runtime_LoggerBuf_setFilterLevel__F)
                  0080ac40    00000120                             : Text.oe66 (.text:xdc_runtime_Text_putMod__F)
                  0080ad60    00000100     sysbios.ae66 : BIOS.obj (.text:ti_sysbios_knl_Swi_restoreHwi__E)
                  0080ae60    00000100                  : BIOS.obj (.text:ti_sysbios_timers_timer64_Timer_initDevice__I)
                  0080af60    00000100                  : BIOS.obj (.text:ti_sysbios_utils_Load_addTask__E)
                  0080b060    00000100     ti.uia.runtime.ae66 : LoggerProbePoint.oe66 (.text:ti_uia_runtime_LoggerProbePoint_getFilterLevel__E)
                  0080b160    00000100                         : LoggerStopMode.oe66 (.text:ti_uia_runtime_LoggerStopMode_getContents__E)
                  0080b260    00000100                         : LoggerStopMode.oe66 (.text:ti_uia_runtime_LoggerStopMode_getFilterLevel__E)
                  0080b360    00000100     ti.targets.rts6000.ae66 : Core-mem.oe66 (.text:xdc_runtime_Core_deleteObject__I)
                  0080b460    00000100                             : LoggerBuf.oe66 (.text:xdc_runtime_LoggerBuf_getFilterLevel__F)
                  0080b560    00000100                             : Startup.oe66 (.text:xdc_runtime_Startup_exec__F)
                  0080b660    00000100                             : Text.oe66 (.text:xdc_runtime_Text_visitRope2__I)
                  0080b760    000000e0     rts6600_elf.lib : copy_zero_init.obj (.text:decompress:ZI:__TI_zero_init)
                  0080b840    000000e0                     : memset.obj (.text:memset)
                  0080b920    000000e0     sysbios.ae66 : BIOS.obj (.text:ti_sysbios_knl_Clock_start__E)
                  0080ba00    000000e0     Sys_BIOs_config_pe66.oe66 (.text:ti_uia_runtime_LoggerProbePoint_Object__create__S)
                  0080bae0    000000e0     ti.uia.runtime.ae66 : LoggerProbePoint.oe66 (.text:ti_uia_runtime_LoggerProbePoint_getContents__E)
                  0080bbc0    000000e0                         : LoggerProbePoint.oe66 (.text:ti_uia_runtime_LoggerProbePoint_writeBlockOfMemory__I)
                  0080bca0    000000e0     Sys_BIOs_config_pe66.oe66 (.text:ti_uia_runtime_LoggerStopMode_Object__create__S)
                  0080bd80    000000e0     ti.uia.runtime.ae66 : LoggerStopMode.oe66 (.text:ti_uia_runtime_LoggerStopMode_writeBlockOfMemory__I)
                  0080be60    000000e0                         : QueueDescriptor.oe66 (.text:ti_uia_runtime_QueueDescriptor_removeFromList__E)
                  0080bf40    000000e0     ti.targets.rts6000.ae66 : Error.oe66 (.text:xdc_runtime_Error_print__F)
                  0080c020    000000e0     Sys_BIOs_config_pe66.oe66 (.text:xdc_runtime_LoggerBuf_Object__create__S)
                  0080c100    000000e0     ti.targets.rts6000.ae66 : Memory.oe66 (.text:xdc_runtime_Memory_alloc__F)
                  0080c1e0    000000c0     rts6600_elf.lib : trgdrv.obj (.text:HOSTwrite)
                  0080c2a0    000000c0                     : dtor_list.obj (.text:_Z11__TI_atexitPFYvPvES_S_)
                  0080c360    000000c0                     : dtor_list.obj (.text:__cxa_finalize)
                  0080c420    000000c0                     : divu.obj (.text:__divu)
                  0080c4e0    000000c0                     : exit.obj (.text:exit)
                  0080c5a0    000000c0     sysbios.ae66 : BIOS.obj (.text:ti_sysbios_BIOS_errorRaiseHook__I)
                  0080c660    000000c0                  : BIOS.obj (.text:ti_sysbios_heaps_HeapMem_getStats__E)
                  0080c720    000000c0                  : BIOS.obj (.text:ti_sysbios_knl_Clock_logTick__E)
                  0080c7e0    000000c0                  : BIOS.obj (.text:ti_sysbios_knl_Task_allBlockedFunction__I)
                  0080c8a0    000000c0                  : BIOS.obj (.text:ti_sysbios_timers_timer64_Timer_startup__E)
                  0080c960    000000c0                  : BIOS.obj (.text:ti_sysbios_utils_Load_taskSwitchHook__E)
                  0080ca20    000000c0     ti.uia.runtime.ae66 : LoggerProbePoint.oe66 (.text:ti_uia_runtime_LoggerProbePoint_Instance_init__F)
                  0080cae0    000000c0                         : LoggerProbePoint.oe66 (.text:ti_uia_runtime_LoggerProbePoint_Module_startup__F)
                  0080cba0    000000c0                         : LoggerStopMode.oe66 (.text:ti_uia_runtime_LoggerStopMode_Instance_init__F)
                  0080cc60    000000c0                         : LoggerStopMode.oe66 (.text:ti_uia_runtime_LoggerStopMode_Module_startup__F)
                  0080cd20    000000c0     ti.targets.rts6000.ae66 : LoggerBuf.oe66 (.text:xdc_runtime_LoggerBuf_Instance_init__F)
                  0080cde0    000000c0                             : System.oe66 (.text:xdc_runtime_System_formatNum__I)
                  0080cea0    000000a0     rts6600_elf.lib : round.obj (.text:__c6xabi_nround)
                  0080cf40    000000a0                     : remu.obj (.text:__remu)
                  0080cfe0    000000a0     boot.ae66 : boot.oe66 (.text:_c_int00)
                  0080d080    000000a0     rts6600_elf.lib : memcpy64.obj (.text:memcpy)
                  0080d120    000000a0                     : modf.obj (.text:modf)
                  0080d1c0    000000a0     sysbios.ae66 : BIOS.obj (.text:ti_sysbios_family_c64p_Hwi_getStackInfo__E)
                  0080d260    000000a0                  : BIOS.obj (.text:ti_sysbios_heaps_HeapMem_init__I)
                  0080d300    000000a0     Sys_BIOs_config_pe66.oe66 (.text:ti_sysbios_knl_Clock_Object__create__S)
                  0080d3a0    000000a0     sysbios.ae66 : BIOS.obj (.text:ti_sysbios_knl_Idle_run__E)
                  0080d440    000000a0                  : BIOS.obj (.text:ti_sysbios_knl_Semaphore_pendTimeout__I)
                  0080d4e0    000000a0                  : BIOS.obj (.text:ti_sysbios_knl_Task_processVitalTaskFlag__I)
                  0080d580    000000a0                  : BIOS.obj (.text:ti_sysbios_timers_timer64_Timer_stop__E)
                  0080d620    000000a0     ti.uia.runtime.ae66 : LoggerProbePoint.oe66 (.text:ti_uia_runtime_LoggerProbePoint_readBlockOfMemory__I)
                  0080d6c0    000000a0                         : LoggerStopMode.oe66 (.text:ti_uia_runtime_LoggerStopMode_readBlockOfMemory__I)
                  0080d760    000000a0     ti.targets.rts6000.ae66 : Assert.oe66 (.text:xdc_runtime_Assert_raise__I)
                  0080d800    000000a0                             : LoggerBuf.oe66 (.text:xdc_runtime_LoggerBuf_Module_startup__F)
                  0080d8a0    000000a0                             : SysMin.oe66 (.text:xdc_runtime_SysMin_abort__F)
                  0080d940    000000a0                             : SysMin.oe66 (.text:xdc_runtime_SysMin_flush__F)
                  0080d9e0    000000a0                             : SysMin.oe66 (.text:xdc_runtime_SysMin_putch__F)
                  0080da80    000000a0                             : Text.oe66 (.text:xdc_runtime_Text_xprintf__I)
                  0080db20    00000080     rts6600_elf.lib : llshift.obj (.text:__c6xabi_llshl)
                  0080dba0    00000080     sysbios.ae66 : c62_TaskSupport_asm.obj (.text:_ti_sysbios_family_c62_TaskSupport_swap__E)
                  0080dc20    00000080     Sys_BIOs_config_pe66.oe66 (.text:malloc)
                  0080dca0    00000080     rts6600_elf.lib : trgmsg.obj (.text:readmsg)
                  0080dd20    00000080     Sys_BIOs_config_pe66.oe66 (.text:ti_sysbios_BIOS_exitFunc__I)
                  0080dda0    00000080     sysbios.ae66 : BIOS.obj (.text:ti_sysbios_BIOS_registerRTSLock__I)
                  0080de20    00000080     Sys_BIOs_config_pe66.oe66 (.text:ti_sysbios_gates_GateHwi_Object__create__S)
                  0080dea0    00000080     Sys_BIOs_config_pe66.oe66 (.text:ti_sysbios_gates_GateMutex_Object__create__S)
                  0080df20    00000080     sysbios.ae66 : BIOS.obj (.text:ti_sysbios_hal_Hwi_checkStack:ti_sysbios_hal_Hwi_checkStack)
                  0080dfa0    00000080                  : BIOS.obj (.text:ti_sysbios_hal_Hwi_initStack:ti_sysbios_hal_Hwi_initStack)
                  0080e020    00000080     Sys_BIOs_config_pe66.oe66 (.text:ti_sysbios_heaps_HeapMem_Object__create__S)
                  0080e0a0    00000080     sysbios.ae66 : BIOS.obj (.text:ti_sysbios_knl_Clock_Module_startup__F)
                  0080e120    00000080     Sys_BIOs_config_pe66.oe66 (.text:ti_sysbios_knl_Clock_doTick__I)
                  0080e1a0    00000080     sysbios.ae66 : BIOS.obj (.text:ti_sysbios_knl_Clock_getTicks__E)
                  0080e220    00000080     Sys_BIOs_config_pe66.oe66 (.text:ti_sysbios_knl_Queue_Object__create__S)
                  0080e2a0    00000080     Sys_BIOs_config_pe66.oe66 (.text:ti_sysbios_knl_Semaphore_Object__create__S)
                  0080e320    00000080     sysbios.ae66 : BIOS.obj (.text:ti_sysbios_knl_Swi_startup__E)
                  0080e3a0    00000080                  : BIOS.obj (.text:ti_sysbios_knl_Task_restore__E)
                  0080e420    00000080                  : BIOS.obj (.text:ti_sysbios_timers_timer64_Timer_getCount__E)
                  0080e4a0    00000080                  : BIOS.obj (.text:ti_sysbios_timers_timer64_Timer_getPeriod__E)
                  0080e520    00000080     ti.uia.runtime.ae66 : LoggerProbePoint.oe66 (.text:ti_uia_runtime_LoggerProbePoint_disable__E)
                  0080e5a0    00000080                         : LoggerProbePoint.oe66 (.text:ti_uia_runtime_LoggerProbePoint_enable__E)
                  0080e620    00000080                         : LoggerProbePoint.oe66 (.text:ti_uia_runtime_LoggerProbePoint_filterOutEvent__I)
                  0080e6a0    00000080                         : LoggerProbePoint.oe66 (.text:ti_uia_runtime_LoggerProbePoint_reset__F)
                  0080e720    00000080                         : LoggerStopMode.oe66 (.text:ti_uia_runtime_LoggerStopMode_disable__E)
                  0080e7a0    00000080                         : LoggerStopMode.oe66 (.text:ti_uia_runtime_LoggerStopMode_enable__E)
                  0080e820    00000080                         : LoggerStopMode.oe66 (.text:ti_uia_runtime_LoggerStopMode_filterOutEvent__I)
                  0080e8a0    00000080                         : LoggerStopMode.oe66 (.text:ti_uia_runtime_LoggerStopMode_reset__F)
                  0080e920    00000080     ti.targets.rts6000.ae66 : Core-label.oe66 (.text:xdc_runtime_Core_assignLabel__I)
                  0080e9a0    00000080                             : Core-params.oe66 (.text:xdc_runtime_Core_assignParams__I)
                  0080ea20    00000080                             : LoggerBuf.oe66 (.text:xdc_runtime_LoggerBuf_filterOutEvent__I)
                  0080eaa0    00000080     Sys_BIOs_config_pe66.oe66 (.text:xdc_runtime_SysMin_output__I)
                  0080eb20    00000080     ti.targets.rts6000.ae66 : System.oe66 (.text:xdc_runtime_System_atexit__F)
                  0080eba0    00000080                             : System.oe66 (.text:xdc_runtime_System_putchar__I)
                  0080ec20    00000080                             : System.oe66 (.text:xdc_runtime_System_rtsExit__I)
                  0080eca0    00000080                             : Text.oe66 (.text:xdc_runtime_Text_printVisFxn__I)
                  0080ed20    00000060     rts6600_elf.lib : llshift.obj (.text:__c6xabi_llshru)
                  0080ed80    00000060                     : imath64.obj (.text:_subcull)
                  0080ede0    00000060     sysbios.ae66 : BIOS.obj (.text:ti_sysbios_BIOS_rtsLock__I)
                  0080ee40    00000060                  : BIOS.obj (.text:ti_sysbios_family_c62_TaskSupport_start__E)
                  0080eea0    00000060                  : BIOS.obj (.text:ti_sysbios_gates_GateMutex_Instance_init__F)
                  0080ef00    00000060     Sys_BIOs_config_pe66.oe66 (.text:ti_sysbios_gates_GateMutex_Object__delete__S)
                  0080ef60    00000060     sysbios.ae66 : BIOS.obj (.text:ti_sysbios_knl_Swi_Module_startup__F)
                  0080efc0    00000060                  : BIOS.obj (.text:ti_sysbios_knl_Task_enter__I)
                  0080f020    00000060                  : BIOS.obj (.text:ti_sysbios_knl_Task_sleepTimeout__I)
                  0080f080    00000060     ti.uia.runtime.ae66 : LogSync.oe66 (.text:ti_uia_runtime_LogSync_Module_startup__F)
                  0080f0e0    00000060                         : LoggerProbePoint.oe66 (.text:ti_uia_runtime_LoggerProbePoint_Instance_finalize__F)
                  0080f140    00000060     Sys_BIOs_config_pe66.oe66 (.text:ti_uia_runtime_LoggerProbePoint_Object__delete__S)
                  0080f1a0    00000060     ti.uia.runtime.ae66 : LoggerStopMode.oe66 (.text:ti_uia_runtime_LoggerStopMode_Instance_finalize__F)
                  0080f200    00000060     Sys_BIOs_config_pe66.oe66 (.text:ti_uia_runtime_LoggerStopMode_Object__delete__S)
                  0080f260    00000060     rts6600_elf.lib : trgmsg.obj (.text:writemsg)
                  0080f2c0    00000060     Sys_BIOs_config_pe66.oe66 (.text:xdc_runtime_LoggerBuf_Object__delete__S)
                  0080f320    00000060     ti.targets.rts6000.ae66 : Memory.oe66 (.text:xdc_runtime_Memory_calloc__F)
                  0080f380    00000060                             : SysMin.oe66 (.text:xdc_runtime_SysMin_Module_startup__F)
                  0080f3e0    00000060                             : SysMin.oe66 (.text:xdc_runtime_SysMin_exit__F)
                  0080f440    00000060                             : System.oe66 (.text:xdc_runtime_System_avprintf__F)
                  0080f4a0    00000060                             : System.oe66 (.text:xdc_runtime_System_vprintf__F)
                  0080f500    00000060                             : Text.oe66 (.text:xdc_runtime_Text_cordText__F)
                  0080f560    00000040     rts6600_elf.lib : args_main.obj (.text:_args_main)
                  0080f5a0    00000040     sysbios.ae66 : c62_TaskSupport_asm.obj (.text:_ti_sysbios_family_c62_TaskSupport_buildTaskStack)
                  0080f5e0    00000040                  : c64p_Hwi_asm_switch.obj (.text:_ti_sysbios_family_xxx_Hwi_switchToIsrStack)
                  0080f620    00000040     Sys_BIOs_config_pe66.oe66 (.text:free)
                  0080f660    00000040     Sys_BIOs_config_pe66.oe66 (.text:ti_sysbios_BIOS_startFunc__I)
                  0080f6a0    00000040     Sys_BIOs_config_pe66.oe66 (.text:ti_sysbios_family_c64p_Hwi_Module__startupDone__F)
                  0080f6e0    00000040     sysbios.ae66 : BIOS.obj (.text:ti_sysbios_family_c64p_Hwi_disableInterrupt__E)
                  0080f720    00000040                  : BIOS.obj (.text:ti_sysbios_family_c64p_Hwi_enableInterrupt__E)
                  0080f760    00000040     Sys_BIOs_config_pe66.oe66 (.text:ti_sysbios_gates_GateHwi_Handle__label__S)
                  0080f7a0    00000040     Sys_BIOs_config_pe66.oe66 (.text:ti_sysbios_gates_GateHwi_Object__delete__S)
                  0080f7e0    00000040     Sys_BIOs_config_pe66.oe66 (.text:ti_sysbios_gates_GateMutex_Handle__label__S)
                  0080f820    00000040     sysbios.ae66 : BIOS.obj (.text:ti_sysbios_gates_GateMutex_leave__E)
                  0080f860    00000040     Sys_BIOs_config_pe66.oe66 (.text:ti_sysbios_hal_Timer_Module__startupDone__F)
                  0080f8a0    00000040     Sys_BIOs_config_pe66.oe66 (.text:ti_sysbios_heaps_HeapMem_Handle__label__S)
                  0080f8e0    00000040     Sys_BIOs_config_pe66.oe66 (.text:ti_sysbios_heaps_HeapMem_Object__delete__S)
                  0080f920    00000040     Sys_BIOs_config_pe66.oe66 (.text:ti_sysbios_heaps_HeapMem_Object__get__S)
                  0080f960    00000040     Sys_BIOs_config_pe66.oe66 (.text:ti_sysbios_knl_Semaphore_Object__destruct__S)
                  0080f9a0    00000040     Sys_BIOs_config_pe66.oe66 (.text:ti_sysbios_knl_Swi_Object__get__S)
                  0080f9e0    00000040     Sys_BIOs_config_pe66.oe66 (.text:ti_sysbios_knl_Task_Object__get__S)
                  0080fa20    00000040     Sys_BIOs_config_pe66.oe66 (.text:ti_sysbios_timers_timer64_Timer_Module__startupDone__F)
                  0080fa60    00000040     Sys_BIOs_config_pe66.oe66 (.text:ti_uia_family_c66_TimestampC66XGlobal_Module__startupDone__F)
                  0080faa0    00000040     Sys_BIOs_config_pe66.oe66 (.text:ti_uia_runtime_LoggerProbePoint_Handle__label__S)
                  0080fae0    00000040     Sys_BIOs_config_pe66.oe66 (.text:ti_uia_runtime_LoggerProbePoint_Object__get__S)
                  0080fb20    00000040     Sys_BIOs_config_pe66.oe66 (.text:ti_uia_runtime_LoggerStopMode_Handle__label__S)
                  0080fb60    00000040     Sys_BIOs_config_pe66.oe66 (.text:ti_uia_runtime_LoggerStopMode_Object__get__S)
                  0080fba0    00000040     ti.uia.runtime.ae66 : LoggerStopMode.oe66 (.text:ti_uia_runtime_LoggerStopMode_write0__E)
                  0080fbe0    00000040                         : LoggerStopMode.oe66 (.text:ti_uia_runtime_LoggerStopMode_write1__E)
                  0080fc20    00000040                         : LoggerStopMode.oe66 (.text:ti_uia_runtime_LoggerStopMode_write2__E)
                  0080fc60    00000040                         : QueueDescriptor.oe66 (.text:ti_uia_runtime_QueueDescriptor_initHeader__E)
                  0080fca0    00000040     ti.targets.rts6000.ae66 : Error.oe66 (.text:xdc_runtime_Error_check__F)
                  0080fce0    00000040                             : Error.oe66 (.text:xdc_runtime_Error_init__F)
                  0080fd20    00000040                             : Gate.oe66 (.text:xdc_runtime_Gate_leaveSystem__F)
                  0080fd60    00000040     Sys_BIOs_config_pe66.oe66 (.text:xdc_runtime_LoggerBuf_Handle__label__S)
                  0080fda0    00000040     ti.targets.rts6000.ae66 : LoggerBuf.oe66 (.text:xdc_runtime_LoggerBuf_Instance_finalize__F)
                  0080fde0    00000040     Sys_BIOs_config_pe66.oe66 (.text:xdc_runtime_LoggerBuf_Object__get__S)
                  0080fe20    00000040     ti.targets.rts6000.ae66 : LoggerBuf.oe66 (.text:xdc_runtime_LoggerBuf_write0__F)
                  0080fe60    00000040                             : LoggerBuf.oe66 (.text:xdc_runtime_LoggerBuf_write1__F)
                  0080fea0    00000040                             : LoggerBuf.oe66 (.text:xdc_runtime_LoggerBuf_write2__F)
                  0080fee0    00000040                             : Memory.oe66 (.text:xdc_runtime_Memory_free__F)
                  0080ff20    00000040                             : Registry.oe66 (.text:xdc_runtime_Registry_findById__F)
                  0080ff60    00000040                             : System.oe66 (.text:xdc_runtime_System_abort__F)
                  0080ffa0    00000040     Sys_BIOs_config_pe66.oe66 (.text:xdc_runtime_System_aprintf__E)
                  0080ffe0    00000040     Sys_BIOs_config_pe66.oe66 (.text:xdc_runtime_System_printf__E)
                  00810020    00000040     ti.targets.rts6000.ae66 : Text.oe66 (.text:xdc_runtime_Text_ropeText__F)
                  00810060    00000020     rts6600_elf.lib : trunc.obj (.text:__c6xabi_trunc)
                  00810080    00000020                     : dtor_list.obj (.text:__cxa_atexit)
                  008100a0    00000020                     : dtor_list.obj (.text:__cxa_ia64_exit)
                  008100c0    00000020     ti.targets.rts6000.ae66 : xdc_noinit.oe66 (.text:__xdc__init)
                  008100e0    00000020     rts6600_elf.lib : _lock.obj (.text:_nop)
                  00810100    00000020                     : _lock.obj (.text:_register_lock)
                  00810120    00000020                     : _lock.obj (.text:_register_unlock)
                  00810140    00000020     sysbios.ae66 : c62_TaskSupport_asm.obj (.text:_ti_sysbios_family_c62_TaskSupport_glue)
                  00810160    00000020                  : c64p_Hwi_asm_switch.obj (.text:_ti_sysbios_family_xxx_Hwi_switchToTaskStack)
                  00810180    00000020     rts6600_elf.lib : exit.obj (.text:abort)
                  008101a0    00000020                     : dtor_list.obj (.text:atexit)
                  008101c0    00000020                     : copy_decompress_none.obj (.text:decompress:none:__TI_decompress_none)
                  008101e0    00000020                     : copy_decompress_rle.obj (.text:decompress:rle24:__TI_decompress_rle24)
                  00810200    00000020     Sys_BIOs_config_pe66.oe66 (.text:ti_sysbios_BIOS_RtsGateProxy_enter__E)
                  00810220    00000020     Sys_BIOs_config_pe66.oe66 (.text:ti_sysbios_BIOS_RtsGateProxy_leave__E)
                  00810240    00000020     sysbios.ae66 : BIOS.obj (.text:ti_sysbios_BIOS_getCpuFreq__E)
                  00810260    00000020                  : BIOS.obj (.text:ti_sysbios_BIOS_nullFunc__I)
                  00810280    00000020                  : BIOS.obj (.text:ti_sysbios_BIOS_setThreadType__E)
                  008102a0    00000020                  : BIOS.obj (.text:ti_sysbios_BIOS_start__E)
                  008102c0    00000020     Sys_BIOs_config_pe66.oe66 (.text:ti_sysbios_family_c62_TaskSupport_Module__startupDone__S)
                  008102e0    00000020     sysbios.ae66 : BIOS.obj (.text:ti_sysbios_family_c62_TaskSupport_checkStack__E)
                  00810300    00000020                  : BIOS.obj (.text:ti_sysbios_family_c64p_Hwi_clearInterrupt__E)
                  00810320    00000020                  : BIOS.obj (.text:ti_sysbios_family_c64p_Hwi_startup__E)
                  00810340    00000020                  : BIOS.obj (.text:ti_sysbios_family_c64p_Hwi_switchFromBootStack__E)
                  00810360    00000020                  : BIOS.obj (.text:ti_sysbios_family_c64p_TimestampProvider_Module_startup__F)
                  00810380    00000020                  : BIOS.obj (.text:ti_sysbios_family_c64p_TimestampProvider_get32__E)
                  008103a0    00000020                  : BIOS.obj (.text:ti_sysbios_family_c64p_TimestampProvider_get64__E)
                  008103c0    00000020                  : BIOS.obj (.text:ti_sysbios_family_c64p_tci6488_TimerSupport_enable__E)
                  008103e0    00000020                  : BIOS.obj (.text:ti_sysbios_gates_GateHwi_Instance_init__F)
                  00810400    00000020                  : BIOS.obj (.text:ti_sysbios_gates_GateHwi_enter__E)
                  00810420    00000020                  : BIOS.obj (.text:ti_sysbios_gates_GateHwi_leave__E)
                  00810440    00000020                  : BIOS.obj (.text:ti_sysbios_gates_GateHwi_query__F)
                  00810460    00000020                  : BIOS.obj (.text:ti_sysbios_gates_GateMutex_Instance_finalize__F)
                  00810480    00000020                  : BIOS.obj (.text:ti_sysbios_gates_GateMutex_query__F)
                  008104a0    00000020     Sys_BIOs_config_pe66.oe66 (.text:ti_sysbios_hal_Hwi_HwiProxy_Module__startupDone__S)
                  008104c0    00000020     sysbios.ae66 : BIOS.obj (.text:ti_sysbios_hal_Hwi_Module_startup__F)
                  008104e0    00000020                  : BIOS.obj (.text:ti_sysbios_hal_Timer_Module_startup__F)
                  00810500    00000020     Sys_BIOs_config_pe66.oe66 (.text:ti_sysbios_hal_Timer_TimerProxy_Module__startupDone__S)
                  00810520    00000020     Sys_BIOs_config_pe66.oe66 (.text:ti_sysbios_hal_Timer_TimerProxy_getExpiredCounts__E)
                  00810540    00000020     Sys_BIOs_config_pe66.oe66 (.text:ti_sysbios_hal_Timer_TimerProxy_getPeriod__E)
                  00810560    00000020     Sys_BIOs_config_pe66.oe66 (.text:ti_sysbios_hal_Timer_TimerProxy_setNextTick__E)
                  00810580    00000020     Sys_BIOs_config_pe66.oe66 (.text:ti_sysbios_heaps_HeapMem_Module_GateProxy_enter__E)
                  008105a0    00000020     Sys_BIOs_config_pe66.oe66 (.text:ti_sysbios_heaps_HeapMem_Module_GateProxy_leave__E)
                  008105c0    00000020     sysbios.ae66 : BIOS.obj (.text:ti_sysbios_heaps_HeapMem_isBlocking__E)
                  008105e0    00000020     Sys_BIOs_config_pe66.oe66 (.text:ti_sysbios_knl_Clock_Params__init__S)
                  00810600    00000020     sysbios.ae66 : BIOS.obj (.text:ti_sysbios_knl_Idle_loop__E)
                  00810620    00000020                  : BIOS.obj (.text:ti_sysbios_knl_Queue_Instance_init__F)
                  00810640    00000020     Sys_BIOs_config_pe66.oe66 (.text:ti_sysbios_knl_Queue_Object__destruct__S)
                  00810660    00000020     Sys_BIOs_config_pe66.oe66 (.text:ti_sysbios_knl_Queue_Object__get__S)
                  00810680    00000020     sysbios.ae66 : BIOS.obj (.text:ti_sysbios_knl_Queue_empty__E)
                  008106a0    00000020                  : BIOS.obj (.text:ti_sysbios_knl_Semaphore_Instance_finalize__F)
                  008106c0    00000020                  : BIOS.obj (.text:ti_sysbios_knl_Swi_disable__E)
                  008106e0    00000020     Sys_BIOs_config_pe66.oe66 (.text:ti_sysbios_knl_Task_Object__first__S)
                  00810700    00000020     Sys_BIOs_config_pe66.oe66 (.text:ti_sysbios_knl_Task_Object__next__S)
                  00810720    00000020     Sys_BIOs_config_pe66.oe66 (.text:ti_sysbios_knl_Task_SupportProxy_Module__startupDone__S)
                  00810740    00000020     sysbios.ae66 : BIOS.obj (.text:ti_sysbios_knl_Task_disable__E)
                  00810760    00000020                  : BIOS.obj (.text:ti_sysbios_knl_Task_startup__E)
                  00810780    00000020                  : BIOS.obj (.text:ti_sysbios_timers_timer64_Timer_setNextTick__E)
                  008107a0    00000020                  : BIOS.obj (.text:ti_sysbios_utils_Load_taskRegHook__E)
                  008107c0    00000020     ti.uia.family.c66.ae66 : TimestampC66XGlobal.oe66 (.text:ti_uia_family_c66_TimestampC66XGlobal_Module_startup__F)
                  008107e0    00000020     Sys_BIOs_config_pe66.oe66 (.text:ti_uia_runtime_LogSync_CpuTimestampProxy_Module__startupDone__S)
                  00810800    00000020     Sys_BIOs_config_pe66.oe66 (.text:ti_uia_runtime_LogSync_GlobalTimestampProxy_Module__startupDone__S)
                  00810820    00000020     ti.uia.runtime.ae66 : LoggerProbePoint.oe66 (.text:ti_uia_runtime_LoggerProbePoint_getFreeSize__E)
                  00810840    00000020                         : LoggerProbePoint.oe66 (.text:ti_uia_runtime_LoggerProbePoint_getInstanceId__E)
                  00810860    00000020                         : LoggerProbePoint.oe66 (.text:ti_uia_runtime_LoggerProbePoint_getMaxLength__E)
                  00810880    00000020                         : LoggerProbePoint.oe66 (.text:ti_uia_runtime_LoggerProbePoint_getPriority__E)
                  008108a0    00000020                         : LoggerProbePoint.oe66 (.text:ti_uia_runtime_LoggerProbePoint_getTransferType__F)
                  008108c0    00000020                         : LoggerProbePoint.oe66 (.text:ti_uia_runtime_LoggerProbePoint_getUnreadSize__E)
                  008108e0    00000020                         : LoggerProbePoint.oe66 (.text:ti_uia_runtime_LoggerProbePoint_isEmpty__E)
                  00810900    00000020                         : LoggerProbePoint.oe66 (.text:ti_uia_runtime_LoggerProbePoint_setPriority__E)
                  00810920    00000020                         : LoggerStopMode.oe66 (.text:ti_uia_runtime_LoggerStopMode_getFreeSize__E)
                  00810940    00000020                         : LoggerStopMode.oe66 (.text:ti_uia_runtime_LoggerStopMode_getInstanceId__E)
                  00810960    00000020                         : LoggerStopMode.oe66 (.text:ti_uia_runtime_LoggerStopMode_getMaxLength__E)
                  00810980    00000020                         : LoggerStopMode.oe66 (.text:ti_uia_runtime_LoggerStopMode_getPriority__E)
                  008109a0    00000020                         : LoggerStopMode.oe66 (.text:ti_uia_runtime_LoggerStopMode_getTransferType__F)
                  008109c0    00000020                         : LoggerStopMode.oe66 (.text:ti_uia_runtime_LoggerStopMode_getUnreadSize__E)
                  008109e0    00000020                         : LoggerStopMode.oe66 (.text:ti_uia_runtime_LoggerStopMode_isEmpty__E)
                  00810a00    00000020                         : LoggerStopMode.oe66 (.text:ti_uia_runtime_LoggerStopMode_setPriority__E)
                  00810a20    00000020     ti.targets.rts6000.ae66 : Gate.oe66 (.text:xdc_runtime_Gate_enterSystem__F)
                  00810a40    00000020     Sys_BIOs_config_pe66.oe66 (.text:xdc_runtime_IHeap_alloc)
                  00810a60    00000020     Sys_BIOs_config_pe66.oe66 (.text:xdc_runtime_IHeap_free)
                  00810a80    00000020     Sys_BIOs_config_pe66.oe66 (.text:xdc_runtime_LoggerBuf_Module_GateProxy_enter__E)
                  00810aa0    00000020     Sys_BIOs_config_pe66.oe66 (.text:xdc_runtime_LoggerBuf_Module_GateProxy_leave__E)
                  00810ac0    00000020     ti.targets.rts6000.ae66 : LoggerBuf.oe66 (.text:xdc_runtime_LoggerBuf_disable__F)
                  00810ae0    00000020                             : LoggerBuf.oe66 (.text:xdc_runtime_LoggerBuf_enable__F)
                  00810b00    00000020     Sys_BIOs_config_pe66.oe66 (.text:xdc_runtime_Memory_HeapProxy_alloc__E)
                  00810b20    00000020     Sys_BIOs_config_pe66.oe66 (.text:xdc_runtime_Memory_HeapProxy_free__E)
                  00810b40    00000020     Sys_BIOs_config_pe66.oe66 (.text:xdc_runtime_Startup_exec__I)
                  00810b60    00000020     Sys_BIOs_config_pe66.oe66 (.text:xdc_runtime_Startup_reset__I)
                  00810b80    00000020     ti.targets.rts6000.ae66 : SysMin.oe66 (.text:xdc_runtime_SysMin_ready__F)
                  00810ba0    00000020     Sys_BIOs_config_pe66.oe66 (.text:xdc_runtime_System_Module_GateProxy_enter__E)
                  00810bc0    00000020     Sys_BIOs_config_pe66.oe66 (.text:xdc_runtime_System_Module_GateProxy_leave__E)
                  00810be0    00000020     ti.targets.rts6000.ae66 : System.oe66 (.text:xdc_runtime_System_Module_startup__F)
                  00810c00    00000020                             : System.oe66 (.text:xdc_runtime_System_exit__F)
                  00810c20    00000020                             : System.oe66 (.text:xdc_runtime_System_lastFxn__I)
                  00810c40    00000020                             : System.oe66 (.text:xdc_runtime_System_vsnprintf__F)
                  00810c60    00000020     Sys_BIOs_config_pe66.oe66 (.text:xdc_runtime_Text_visitRope__I)
                  00810c80    00000020     Sys_BIOs_config_pe66.oe66 (.text:xdc_runtime_Timestamp_Module__startupDone__S)

.far       0    00810ca0    00003e40     UNINITIALIZED
                  00810ca0    00002618     Sys_BIOs_config_pe66.oe66 (.far)
                  008132b8    00001800     Sys_BIOs_config_pe66.oe66 (.far:taskStackSection)
                  00814ab8    00000020     util.obj (.far)
                  00814ad8    00000008     rts6600_elf.lib : trgdrv.obj (.far)

.const     0    00814ae0    0000377c     
                  00814ae0    000021b1     Sys_BIOs_config_pe66.oe66 (.const:xdc_runtime_Text_charTab__A)
                  00816c91    00000683     sysbios.ae66 : BIOS.obj (.const:.string)
                  00817314    00000004     ti.targets.rts6000.ae66 : Assert.oe66 (.const:.string)
                  00817318    00000400     Sys_BIOs_config_pe66.oe66 (.const:ti_sysbios_family_c66_Cache_marvalues__C)
                  00817718    0000013c     util.obj (.const:.string)
                  00817854    00000004     Sys_BIOs_config_pe66.oe66 (.const:ti_sysbios_BIOS_Module__diagsEnabled__C)
                  00817858    00000128     Sys_BIOs_config_pe66.oe66 (.const:xdc_runtime_Text_nodeTab__A)
                  00817980    00000060     Sys_BIOs_config_pe66.oe66 (.const:ti_uia_runtime_LoggerProbePoint_Module__FXNS__C)
                  008179e0    00000060     Sys_BIOs_config_pe66.oe66 (.const:ti_uia_runtime_LoggerStopMode_Module__FXNS__C)
                  00817a40    00000058     ti.targets.rts6000.ae66 : Error.oe66 (.const:.string)
                  00817a98    00000047     Sys_BIOs_config_pe66.oe66 (.const:.string)
                  00817adf    00000001     --HOLE-- [fill = 0]
                  00817ae0    00000044     Sys_BIOs_config_pe66.oe66 (.const:xdc_runtime_Startup_sfxnTab__A)
                  00817b24    00000040     ti.targets.rts6000.ae66 : Text.oe66 (.const:.string)
                  00817b64    0000003c     Sys_BIOs_config_pe66.oe66 (.const:xdc_runtime_LoggerBuf_Module__FXNS__C)
                  00817ba0    00000034     Sys_BIOs_config_pe66.oe66 (.const:ti_uia_runtime_LoggerProbePoint_Object__PARAMS__C)
                  00817bd4    00000034     Sys_BIOs_config_pe66.oe66 (.const:ti_uia_runtime_LoggerStopMode_Object__PARAMS__C)
                  00817c08    00000030     Sys_BIOs_config_pe66.oe66 (.const:ti_sysbios_knl_Task_hooks__A)
                  00817c38    0000002c     ti.targets.rts6000.ae66 : Startup.oe66 (.const:.string)
                  00817c64    00000028     Sys_BIOs_config_pe66.oe66 (.const:ti_sysbios_heaps_HeapMem_Module__FXNS__C)
                  00817c8c    00000028     Sys_BIOs_config_pe66.oe66 (.const:xdc_runtime_LoggerBuf_Object__PARAMS__C)
                  00817cb4    00000024     Sys_BIOs_config_pe66.oe66 (.const:ti_sysbios_gates_GateHwi_Module__FXNS__C)
                  00817cd8    00000024     Sys_BIOs_config_pe66.oe66 (.const:ti_sysbios_gates_GateMutex_Module__FXNS__C)
                  00817cfc    00000024     Sys_BIOs_config_pe66.oe66 (.const:ti_sysbios_heaps_HeapMem_Object__PARAMS__C)
                  00817d20    00000024     Sys_BIOs_config_pe66.oe66 (.const:ti_sysbios_knl_Clock_Object__PARAMS__C)
                  00817d44    00000024     Sys_BIOs_config_pe66.oe66 (.const:ti_sysbios_knl_Semaphore_Object__PARAMS__C)
                  00817d68    00000022     Sys_BIOs_config_pe66.oe66 (.const:xdc_runtime_Startup_sfxnRts__A)
                  00817d8a    00000002     Sys_BIOs_config_pe66.oe66 (.const:ti_sysbios_BIOS_Module__id__C)
                  00817d8c    00000020     Sys_BIOs_config_pe66.oe66 (.const:ti_sysbios_gates_GateHwi_Object__DESC__C)
                  00817dac    00000020     Sys_BIOs_config_pe66.oe66 (.const:ti_sysbios_gates_GateMutex_Object__DESC__C)
                  00817dcc    00000020     Sys_BIOs_config_pe66.oe66 (.const:ti_sysbios_heaps_HeapMem_Object__DESC__C)
                  00817dec    00000020     Sys_BIOs_config_pe66.oe66 (.const:ti_sysbios_knl_Clock_Object__DESC__C)
                  00817e0c    00000020     Sys_BIOs_config_pe66.oe66 (.const:ti_sysbios_knl_Queue_Object__DESC__C)
                  00817e2c    00000020     Sys_BIOs_config_pe66.oe66 (.const:ti_sysbios_knl_Semaphore_Object__DESC__C)
                  00817e4c    00000020     Sys_BIOs_config_pe66.oe66 (.const:ti_uia_runtime_LoggerProbePoint_Object__DESC__C)
                  00817e6c    00000020     Sys_BIOs_config_pe66.oe66 (.const:ti_uia_runtime_LoggerStopMode_Object__DESC__C)
                  00817e8c    00000020     Sys_BIOs_config_pe66.oe66 (.const:xdc_runtime_LoggerBuf_Object__DESC__C)
                  00817eac    00000018     Sys_BIOs_config_pe66.oe66 (.const:ti_sysbios_gates_GateHwi_Object__PARAMS__C)
                  00817ec4    00000018     Sys_BIOs_config_pe66.oe66 (.const:ti_sysbios_gates_GateMutex_Object__PARAMS__C)
                  00817edc    00000018     Sys_BIOs_config_pe66.oe66 (.const:ti_sysbios_knl_Queue_Object__PARAMS__C)
                  00817ef4    00000014     main_gtz.obj (.const:.string)
                  00817f08    00000008     ti.targets.rts6000.ae66 : System.oe66 (.const:.string)
                  00817f10    00000011                             : System.oe66 (.const:digtohex)
                  00817f21    00000001     --HOLE-- [fill = 0]
                  00817f22    00000002     Sys_BIOs_config_pe66.oe66 (.const:ti_sysbios_family_c64p_Exception_Module__id__C)
                  00817f24    0000000c     Sys_BIOs_config_pe66.oe66 (.const:ti_sysbios_family_c66_Cache_initSize__C)
                  00817f30    00000008     Sys_BIOs_config_pe66.oe66 (.const:ti_sysbios_knl_Idle_coreList__A)
                  00817f38    00000008     Sys_BIOs_config_pe66.oe66 (.const:ti_sysbios_knl_Idle_coreList__C)
                  00817f40    00000008     Sys_BIOs_config_pe66.oe66 (.const:ti_sysbios_knl_Idle_funcList__A)
                  00817f48    00000008     Sys_BIOs_config_pe66.oe66 (.const:ti_sysbios_knl_Idle_funcList__C)
                  00817f50    00000008     Sys_BIOs_config_pe66.oe66 (.const:ti_sysbios_knl_Task_hooks__C)
                  00817f58    00000008     Sys_BIOs_config_pe66.oe66 (.const:xdc_runtime_Startup_firstFxns__A)
                  00817f60    00000008     Sys_BIOs_config_pe66.oe66 (.const:xdc_runtime_Startup_firstFxns__C)
                  00817f68    00000008     Sys_BIOs_config_pe66.oe66 (.const:xdc_runtime_Startup_lastFxns__C)
                  00817f70    00000004     Sys_BIOs_config_pe66.oe66 (.const:ti_sysbios_BIOS_Module__diagsIncluded__C)
                  00817f74    00000004     Sys_BIOs_config_pe66.oe66 (.const:ti_sysbios_BIOS_Module__diagsMask__C)
                  00817f78    00000004     Sys_BIOs_config_pe66.oe66 (.const:ti_sysbios_BIOS_installedErrorHook__C)
                  00817f7c    00000004     Sys_BIOs_config_pe66.oe66 (.const:ti_sysbios_family_c64p_Exception_E_exceptionMax__C)
                  00817f80    00000004     Sys_BIOs_config_pe66.oe66 (.const:ti_sysbios_family_c64p_Exception_E_exceptionMin__C)
                  00817f84    00000004     Sys_BIOs_config_pe66.oe66 (.const:ti_sysbios_family_c64p_Exception_exceptionHook__C)
                  00817f88    00000004     Sys_BIOs_config_pe66.oe66 (.const:ti_sysbios_family_c64p_Exception_externalHook__C)
                  00817f8c    00000004     Sys_BIOs_config_pe66.oe66 (.const:ti_sysbios_family_c64p_Exception_internalHook__C)
                  00817f90    00000004     Sys_BIOs_config_pe66.oe66 (.const:ti_sysbios_family_c64p_Exception_nmiHook__C)
                  00817f94    00000004     Sys_BIOs_config_pe66.oe66 (.const:ti_sysbios_family_c64p_Hwi_LD_end__C)
                  00817f98    00000004     Sys_BIOs_config_pe66.oe66 (.const:ti_sysbios_family_c64p_Hwi_LM_begin__C)
                  00817f9c    00000004     Sys_BIOs_config_pe66.oe66 (.const:ti_sysbios_family_c64p_Hwi_Module__diagsEnabled__C)
                  00817fa0    00000004     Sys_BIOs_config_pe66.oe66 (.const:ti_sysbios_family_c64p_Hwi_Module__diagsIncluded__C)
                  00817fa4    00000004     Sys_BIOs_config_pe66.oe66 (.const:ti_sysbios_family_c64p_Hwi_Module__diagsMask__C)
                  00817fa8    00000004     Sys_BIOs_config_pe66.oe66 (.const:ti_sysbios_family_c64p_Hwi_Module__loggerFxn1__C)
                  00817fac    00000004     Sys_BIOs_config_pe66.oe66 (.const:ti_sysbios_family_c64p_Hwi_Module__loggerFxn8__C)
                  00817fb0    00000004     Sys_BIOs_config_pe66.oe66 (.const:ti_sysbios_family_c64p_Hwi_Module__loggerObj__C)
                  00817fb4    00000004     Sys_BIOs_config_pe66.oe66 (.const:ti_sysbios_gates_GateMutex_A_badContext__C)
                  00817fb8    00000004     Sys_BIOs_config_pe66.oe66 (.const:ti_sysbios_gates_GateMutex_Instance_State_sem__O)
                  00817fbc    00000004     Sys_BIOs_config_pe66.oe66 (.const:ti_sysbios_gates_GateMutex_Module__diagsEnabled__C)
                  00817fc0    00000004     Sys_BIOs_config_pe66.oe66 (.const:ti_sysbios_gates_GateMutex_Module__diagsIncluded__C)
                  00817fc4    00000004     Sys_BIOs_config_pe66.oe66 (.const:ti_sysbios_gates_GateMutex_Module__diagsMask__C)
                  00817fc8    00000004     Sys_BIOs_config_pe66.oe66 (.const:ti_sysbios_hal_Hwi_E_stackOverflow__C)
                  00817fcc    00000004     Sys_BIOs_config_pe66.oe66 (.const:ti_sysbios_heaps_HeapMem_A_align__C)
                  00817fd0    00000004     Sys_BIOs_config_pe66.oe66 (.const:ti_sysbios_heaps_HeapMem_A_heapSize__C)
                  00817fd4    00000004     Sys_BIOs_config_pe66.oe66 (.const:ti_sysbios_heaps_HeapMem_A_invalidFree__C)
                  00817fd8    00000004     Sys_BIOs_config_pe66.oe66 (.const:ti_sysbios_heaps_HeapMem_A_zeroBlock__C)
                  00817fdc    00000004     Sys_BIOs_config_pe66.oe66 (.const:ti_sysbios_heaps_HeapMem_E_memory__C)
                  00817fe0    00000004     Sys_BIOs_config_pe66.oe66 (.const:ti_sysbios_heaps_HeapMem_Module__diagsEnabled__C)
                  00817fe4    00000004     Sys_BIOs_config_pe66.oe66 (.const:ti_sysbios_heaps_HeapMem_Module__diagsIncluded__C)
                  00817fe8    00000004     Sys_BIOs_config_pe66.oe66 (.const:ti_sysbios_heaps_HeapMem_Module__diagsMask__C)
                  00817fec    00000004     Sys_BIOs_config_pe66.oe66 (.const:ti_sysbios_heaps_HeapMem_Module__gateObj__C)
                  00817ff0    00000004     Sys_BIOs_config_pe66.oe66 (.const:ti_sysbios_heaps_HeapMem_Object__count__C)
                  00817ff4    00000004     Sys_BIOs_config_pe66.oe66 (.const:ti_sysbios_heaps_HeapMem_reqAlign__C)
                  00817ff8    00000004     Sys_BIOs_config_pe66.oe66 (.const:ti_sysbios_knl_Clock_A_badThreadType__C)
                  00817ffc    00000004     Sys_BIOs_config_pe66.oe66 (.const:ti_sysbios_knl_Clock_LM_begin__C)
                  00818000    00000004     Sys_BIOs_config_pe66.oe66 (.const:ti_sysbios_knl_Clock_LM_tick__C)
                  00818004    00000004     Sys_BIOs_config_pe66.oe66 (.const:ti_sysbios_knl_Clock_LW_delayed__C)
                  00818008    00000004     Sys_BIOs_config_pe66.oe66 (.const:ti_sysbios_knl_Clock_Module_State_clockQ__O)
                  0081800c    00000004     Sys_BIOs_config_pe66.oe66 (.const:ti_sysbios_knl_Clock_Module__diagsEnabled__C)
                  00818010    00000004     Sys_BIOs_config_pe66.oe66 (.const:ti_sysbios_knl_Clock_Module__diagsIncluded__C)
                  00818014    00000004     Sys_BIOs_config_pe66.oe66 (.const:ti_sysbios_knl_Clock_Module__diagsMask__C)
                  00818018    00000004     Sys_BIOs_config_pe66.oe66 (.const:ti_sysbios_knl_Clock_Module__loggerFxn1__C)
                  0081801c    00000004     Sys_BIOs_config_pe66.oe66 (.const:ti_sysbios_knl_Clock_Module__loggerFxn2__C)
                  00818020    00000004     Sys_BIOs_config_pe66.oe66 (.const:ti_sysbios_knl_Clock_Module__loggerObj__C)
                  00818024    00000004     Sys_BIOs_config_pe66.oe66 (.const:ti_sysbios_knl_Clock_tickMode__C)
                  00818028    00000004     Sys_BIOs_config_pe66.oe66 (.const:ti_sysbios_knl_Clock_tickSource__C)
                  0081802c    00000004     Sys_BIOs_config_pe66.oe66 (.const:ti_sysbios_knl_Semaphore_A_badContext__C)
                  00818030    00000004     Sys_BIOs_config_pe66.oe66 (.const:ti_sysbios_knl_Semaphore_A_noEvents__C)
                  00818034    00000004     Sys_BIOs_config_pe66.oe66 (.const:ti_sysbios_knl_Semaphore_A_overflow__C)
                  00818038    00000004     Sys_BIOs_config_pe66.oe66 (.const:ti_sysbios_knl_Semaphore_A_pendTaskDisabled__C)
                  0081803c    00000004     Sys_BIOs_config_pe66.oe66 (.const:ti_sysbios_knl_Semaphore_Instance_State_pendQ__O)
                  00818040    00000004     Sys_BIOs_config_pe66.oe66 (.const:ti_sysbios_knl_Semaphore_LM_pend__C)
                  00818044    00000004     Sys_BIOs_config_pe66.oe66 (.const:ti_sysbios_knl_Semaphore_LM_post__C)
                  00818048    00000004     Sys_BIOs_config_pe66.oe66 (.const:ti_sysbios_knl_Semaphore_Module__diagsEnabled__C)
                  0081804c    00000004     Sys_BIOs_config_pe66.oe66 (.const:ti_sysbios_knl_Semaphore_Module__diagsIncluded__C)
                  00818050    00000004     Sys_BIOs_config_pe66.oe66 (.const:ti_sysbios_knl_Semaphore_Module__diagsMask__C)
                  00818054    00000004     Sys_BIOs_config_pe66.oe66 (.const:ti_sysbios_knl_Semaphore_Module__loggerFxn2__C)
                  00818058    00000004     Sys_BIOs_config_pe66.oe66 (.const:ti_sysbios_knl_Semaphore_Module__loggerFxn4__C)
                  0081805c    00000004     Sys_BIOs_config_pe66.oe66 (.const:ti_sysbios_knl_Semaphore_Module__loggerObj__C)
                  00818060    00000004     Sys_BIOs_config_pe66.oe66 (.const:ti_sysbios_knl_Swi_LD_end__C)
                  00818064    00000004     Sys_BIOs_config_pe66.oe66 (.const:ti_sysbios_knl_Swi_LM_begin__C)
                  00818068    00000004     Sys_BIOs_config_pe66.oe66 (.const:ti_sysbios_knl_Swi_LM_post__C)
                  0081806c    00000004     Sys_BIOs_config_pe66.oe66 (.const:ti_sysbios_knl_Swi_Module__diagsEnabled__C)
                  00818070    00000004     Sys_BIOs_config_pe66.oe66 (.const:ti_sysbios_knl_Swi_Module__diagsIncluded__C)
                  00818074    00000004     Sys_BIOs_config_pe66.oe66 (.const:ti_sysbios_knl_Swi_Module__diagsMask__C)
                  00818078    00000004     Sys_BIOs_config_pe66.oe66 (.const:ti_sysbios_knl_Swi_Module__loggerFxn1__C)
                  0081807c    00000004     Sys_BIOs_config_pe66.oe66 (.const:ti_sysbios_knl_Swi_Module__loggerFxn4__C)
                  00818080    00000004     Sys_BIOs_config_pe66.oe66 (.const:ti_sysbios_knl_Swi_Module__loggerObj__C)
                  00818084    00000004     Sys_BIOs_config_pe66.oe66 (.const:ti_sysbios_knl_Swi_Object__count__C)
                  00818088    00000004     Sys_BIOs_config_pe66.oe66 (.const:ti_sysbios_knl_Task_A_badTimeout__C)
                  0081808c    00000004     Sys_BIOs_config_pe66.oe66 (.const:ti_sysbios_knl_Task_A_sleepTaskDisabled__C)
                  00818090    00000004     Sys_BIOs_config_pe66.oe66 (.const:ti_sysbios_knl_Task_E_spOutOfBounds__C)
                  00818094    00000004     Sys_BIOs_config_pe66.oe66 (.const:ti_sysbios_knl_Task_E_stackOverflow__C)
                  00818098    00000004     Sys_BIOs_config_pe66.oe66 (.const:ti_sysbios_knl_Task_LD_block__C)
                  0081809c    00000004     Sys_BIOs_config_pe66.oe66 (.const:ti_sysbios_knl_Task_LD_exit__C)
                  008180a0    00000004     Sys_BIOs_config_pe66.oe66 (.const:ti_sysbios_knl_Task_LD_ready__C)
                  008180a4    00000004     Sys_BIOs_config_pe66.oe66 (.const:ti_sysbios_knl_Task_LM_sleep__C)
                  008180a8    00000004     Sys_BIOs_config_pe66.oe66 (.const:ti_sysbios_knl_Task_LM_switch__C)
                  008180ac    00000004     Sys_BIOs_config_pe66.oe66 (.const:ti_sysbios_knl_Task_Module_State_inactiveQ__O)
                  008180b0    00000004     Sys_BIOs_config_pe66.oe66 (.const:ti_sysbios_knl_Task_Module_State_terminatedQ__O)
                  008180b4    00000004     Sys_BIOs_config_pe66.oe66 (.const:ti_sysbios_knl_Task_Module__diagsEnabled__C)
                  008180b8    00000004     Sys_BIOs_config_pe66.oe66 (.const:ti_sysbios_knl_Task_Module__diagsIncluded__C)
                  008180bc    00000004     Sys_BIOs_config_pe66.oe66 (.const:ti_sysbios_knl_Task_Module__diagsMask__C)
                  008180c0    00000004     Sys_BIOs_config_pe66.oe66 (.const:ti_sysbios_knl_Task_Module__loggerFxn2__C)
                  008180c4    00000004     Sys_BIOs_config_pe66.oe66 (.const:ti_sysbios_knl_Task_Module__loggerFxn4__C)
                  008180c8    00000004     Sys_BIOs_config_pe66.oe66 (.const:ti_sysbios_knl_Task_Module__loggerObj__C)
                  008180cc    00000004     Sys_BIOs_config_pe66.oe66 (.const:ti_sysbios_knl_Task_Object__count__C)
                  008180d0    00000004     Sys_BIOs_config_pe66.oe66 (.const:ti_sysbios_knl_Task_Object__heap__C)
                  008180d4    00000004     Sys_BIOs_config_pe66.oe66 (.const:ti_sysbios_knl_Task_allBlockedFunc__C)
                  008180d8    00000004     Sys_BIOs_config_pe66.oe66 (.const:ti_sysbios_knl_Task_numConstructedTasks__C)
                  008180dc    00000004     Sys_BIOs_config_pe66.oe66 (.const:ti_sysbios_timers_timer64_Timer_A_notAvailable__C)
                  008180e0    00000004     Sys_BIOs_config_pe66.oe66 (.const:ti_sysbios_timers_timer64_Timer_E_cannotSupport__C)
                  008180e4    00000004     Sys_BIOs_config_pe66.oe66 (.const:ti_sysbios_timers_timer64_Timer_Module__diagsEnabled__C)
                  008180e8    00000004     Sys_BIOs_config_pe66.oe66 (.const:ti_sysbios_timers_timer64_Timer_Module__diagsIncluded__C)
                  008180ec    00000004     Sys_BIOs_config_pe66.oe66 (.const:ti_sysbios_timers_timer64_Timer_Module__diagsMask__C)
                  008180f0    00000004     Sys_BIOs_config_pe66.oe66 (.const:ti_sysbios_timers_timer64_Timer_anyMask__C)
                  008180f4    00000004     Sys_BIOs_config_pe66.oe66 (.const:ti_sysbios_timers_timer64_Timer_freqDivisor__C)
                  008180f8    00000004     Sys_BIOs_config_pe66.oe66 (.const:ti_sysbios_timers_timer64_Timer_numLocalTimers__C)
                  008180fc    00000004     Sys_BIOs_config_pe66.oe66 (.const:ti_sysbios_timers_timer64_Timer_numTimerDevices__C)
                  00818100    00000004     Sys_BIOs_config_pe66.oe66 (.const:ti_sysbios_utils_Load_LS_cpuLoad__C)
                  00818104    00000004     Sys_BIOs_config_pe66.oe66 (.const:ti_sysbios_utils_Load_LS_hwiLoad__C)
                  00818108    00000004     Sys_BIOs_config_pe66.oe66 (.const:ti_sysbios_utils_Load_LS_swiLoad__C)
                  0081810c    00000004     Sys_BIOs_config_pe66.oe66 (.const:ti_sysbios_utils_Load_LS_taskLoad__C)
                  00818110    00000004     Sys_BIOs_config_pe66.oe66 (.const:ti_sysbios_utils_Load_Module_State_taskList__O)
                  00818114    00000004     Sys_BIOs_config_pe66.oe66 (.const:ti_sysbios_utils_Load_Module__diagsEnabled__C)
                  00818118    00000004     Sys_BIOs_config_pe66.oe66 (.const:ti_sysbios_utils_Load_Module__diagsIncluded__C)
                  0081811c    00000004     Sys_BIOs_config_pe66.oe66 (.const:ti_sysbios_utils_Load_Module__diagsMask__C)
                  00818120    00000004     Sys_BIOs_config_pe66.oe66 (.const:ti_sysbios_utils_Load_Module__loggerFxn1__C)
                  00818124    00000004     Sys_BIOs_config_pe66.oe66 (.const:ti_sysbios_utils_Load_Module__loggerFxn2__C)
                  00818128    00000004     Sys_BIOs_config_pe66.oe66 (.const:ti_sysbios_utils_Load_Module__loggerFxn4__C)
                  0081812c    00000004     Sys_BIOs_config_pe66.oe66 (.const:ti_sysbios_utils_Load_Module__loggerObj__C)
                  00818130    00000004     Sys_BIOs_config_pe66.oe66 (.const:ti_sysbios_utils_Load_postUpdate__C)
                  00818134    00000004     Sys_BIOs_config_pe66.oe66 (.const:ti_sysbios_utils_Load_windowInMs__C)
                  00818138    00000004     Sys_BIOs_config_pe66.oe66 (.const:ti_uia_family_c66_TimestampC66XGlobal_timerBaseAdrs__C)
                  0081813c    00000004     Sys_BIOs_config_pe66.oe66 (.const:ti_uia_runtime_ILoggerSnapshot_Interface__BASE__C)
                  00818140    00000004     Sys_BIOs_config_pe66.oe66 (.const:ti_uia_runtime_IUIATransfer_Interface__BASE__C)
                  00818144    00000004     Sys_BIOs_config_pe66.oe66 (.const:ti_uia_runtime_LoggerProbePoint_E_badLevel__C)
                  00818148    00000004     Sys_BIOs_config_pe66.oe66 (.const:ti_uia_runtime_LoggerProbePoint_Object__count__C)
                  0081814c    00000004     Sys_BIOs_config_pe66.oe66 (.const:ti_uia_runtime_LoggerProbePoint_overflowLogger__C)
                  00818150    00000004     Sys_BIOs_config_pe66.oe66 (.const:ti_uia_runtime_LoggerProbePoint_statusLogger__C)
                  00818154    00000004     Sys_BIOs_config_pe66.oe66 (.const:ti_uia_runtime_LoggerStopMode_E_badLevel__C)
                  00818158    00000004     Sys_BIOs_config_pe66.oe66 (.const:ti_uia_runtime_LoggerStopMode_Object__count__C)
                  0081815c    00000004     Sys_BIOs_config_pe66.oe66 (.const:ti_uia_runtime_LoggerStopMode_overflowLogger__C)
                  00818160    00000004     Sys_BIOs_config_pe66.oe66 (.const:ti_uia_runtime_LoggerStopMode_statusLogger__C)
                  00818164    00000004     Sys_BIOs_config_pe66.oe66 (.const:xdc_runtime_Assert_E_assertFailed__C)
                  00818168    00000004     Sys_BIOs_config_pe66.oe66 (.const:xdc_runtime_Core_A_initializedParams__C)
                  0081816c    00000004     Sys_BIOs_config_pe66.oe66 (.const:xdc_runtime_Core_Module__diagsEnabled__C)
                  00818170    00000004     Sys_BIOs_config_pe66.oe66 (.const:xdc_runtime_Core_Module__diagsIncluded__C)
                  00818174    00000004     Sys_BIOs_config_pe66.oe66 (.const:xdc_runtime_Core_Module__diagsMask__C)
                  00818178    00000004     Sys_BIOs_config_pe66.oe66 (.const:xdc_runtime_Error_E_memory__C)
                  0081817c    00000004     Sys_BIOs_config_pe66.oe66 (.const:xdc_runtime_Error_Module__diagsEnabled__C)
                  00818180    00000004     Sys_BIOs_config_pe66.oe66 (.const:xdc_runtime_Error_Module__diagsIncluded__C)
                  00818184    00000004     Sys_BIOs_config_pe66.oe66 (.const:xdc_runtime_Error_Module__diagsMask__C)
                  00818188    00000004     Sys_BIOs_config_pe66.oe66 (.const:xdc_runtime_Error_Module__loggerFxn8__C)
                  0081818c    00000004     Sys_BIOs_config_pe66.oe66 (.const:xdc_runtime_Error_Module__loggerObj__C)
                  00818190    00000004     Sys_BIOs_config_pe66.oe66 (.const:xdc_runtime_Error_policy__C)
                  00818194    00000004     Sys_BIOs_config_pe66.oe66 (.const:xdc_runtime_Error_raiseHook__C)
                  00818198    00000004     Sys_BIOs_config_pe66.oe66 (.const:xdc_runtime_IFilterLogger_Interface__BASE__C)
                  0081819c    00000004     Sys_BIOs_config_pe66.oe66 (.const:xdc_runtime_IGateProvider_Interface__BASE__C)
                  008181a0    00000004     Sys_BIOs_config_pe66.oe66 (.const:xdc_runtime_IHeap_Interface__BASE__C)
                  008181a4    00000004     Sys_BIOs_config_pe66.oe66 (.const:xdc_runtime_ILogger_Interface__BASE__C)
                  008181a8    00000004     Sys_BIOs_config_pe66.oe66 (.const:xdc_runtime_IModule_Interface__BASE__C)
                  008181ac    00000004     Sys_BIOs_config_pe66.oe66 (.const:xdc_runtime_Log_L_error__C)
                  008181b0    00000004     Sys_BIOs_config_pe66.oe66 (.const:xdc_runtime_LoggerBuf_E_badLevel__C)
                  008181b4    00000004     Sys_BIOs_config_pe66.oe66 (.const:xdc_runtime_LoggerBuf_Module__gateObj__C)
                  008181b8    00000004     Sys_BIOs_config_pe66.oe66 (.const:xdc_runtime_LoggerBuf_Object__count__C)
                  008181bc    00000004     Sys_BIOs_config_pe66.oe66 (.const:xdc_runtime_LoggerBuf_statusLogger__C)
                  008181c0    00000004     Sys_BIOs_config_pe66.oe66 (.const:xdc_runtime_Memory_defaultHeapInstance__C)
                  008181c4    00000004     Sys_BIOs_config_pe66.oe66 (.const:xdc_runtime_Startup_execImpl__C)
                  008181c8    00000004     Sys_BIOs_config_pe66.oe66 (.const:xdc_runtime_Startup_lastFxns__A)
                  008181cc    00000004     Sys_BIOs_config_pe66.oe66 (.const:xdc_runtime_Startup_maxPasses__C)
                  008181d0    00000004     Sys_BIOs_config_pe66.oe66 (.const:xdc_runtime_Startup_sfxnRts__C)
                  008181d4    00000004     Sys_BIOs_config_pe66.oe66 (.const:xdc_runtime_Startup_sfxnTab__C)
                  008181d8    00000004     Sys_BIOs_config_pe66.oe66 (.const:xdc_runtime_SysMin_bufSize__C)
                  008181dc    00000004     Sys_BIOs_config_pe66.oe66 (.const:xdc_runtime_SysMin_outputFunc__C)
                  008181e0    00000004     Sys_BIOs_config_pe66.oe66 (.const:xdc_runtime_System_Module__gateObj__C)
                  008181e4    00000004     Sys_BIOs_config_pe66.oe66 (.const:xdc_runtime_System_extendFxn__C)
                  008181e8    00000004     Sys_BIOs_config_pe66.oe66 (.const:xdc_runtime_System_maxAtexitHandlers__C)
                  008181ec    00000004     Sys_BIOs_config_pe66.oe66 (.const:xdc_runtime_Text_charTab__C)
                  008181f0    00000004     Sys_BIOs_config_pe66.oe66 (.const:xdc_runtime_Text_nameEmpty__C)
                  008181f4    00000004     Sys_BIOs_config_pe66.oe66 (.const:xdc_runtime_Text_nameStatic__C)
                  008181f8    00000004     Sys_BIOs_config_pe66.oe66 (.const:xdc_runtime_Text_nameUnknown__C)
                  008181fc    00000004     Sys_BIOs_config_pe66.oe66 (.const:xdc_runtime_Text_nodeTab__C)
                  00818200    00000004     Sys_BIOs_config_pe66.oe66 (.const:xdc_runtime_Text_visitRopeFxn__C)
                  00818204    00000002     Sys_BIOs_config_pe66.oe66 (.const:ti_sysbios_family_c64p_Exception_enableExternalMPC__C)
                  00818206    00000002     Sys_BIOs_config_pe66.oe66 (.const:ti_sysbios_family_c64p_Exception_enablePrint__C)
                  00818208    00000002     Sys_BIOs_config_pe66.oe66 (.const:ti_sysbios_family_c64p_Exception_useInternalBuffer__C)
                  0081820a    00000002     Sys_BIOs_config_pe66.oe66 (.const:ti_sysbios_family_c64p_Hwi_Module__id__C)
                  0081820c    00000002     Sys_BIOs_config_pe66.oe66 (.const:ti_sysbios_family_c64p_Hwi_Module__loggerDefined__C)
                  0081820e    00000002     Sys_BIOs_config_pe66.oe66 (.const:ti_sysbios_gates_GateMutex_Module__id__C)
                  00818210    00000002     Sys_BIOs_config_pe66.oe66 (.const:ti_sysbios_hal_Hwi_Module__id__C)
                  00818212    00000002     Sys_BIOs_config_pe66.oe66 (.const:ti_sysbios_heaps_HeapMem_Module__id__C)
                  00818214    00000002     Sys_BIOs_config_pe66.oe66 (.const:ti_sysbios_knl_Clock_Module__id__C)
                  00818216    00000002     Sys_BIOs_config_pe66.oe66 (.const:ti_sysbios_knl_Clock_Module__loggerDefined__C)
                  00818218    00000002     Sys_BIOs_config_pe66.oe66 (.const:ti_sysbios_knl_Semaphore_Module__id__C)
                  0081821a    00000002     Sys_BIOs_config_pe66.oe66 (.const:ti_sysbios_knl_Semaphore_Module__loggerDefined__C)
                  0081821c    00000002     Sys_BIOs_config_pe66.oe66 (.const:ti_sysbios_knl_Swi_Module__id__C)
                  0081821e    00000002     Sys_BIOs_config_pe66.oe66 (.const:ti_sysbios_knl_Swi_Module__loggerDefined__C)
                  00818220    00000002     Sys_BIOs_config_pe66.oe66 (.const:ti_sysbios_knl_Task_Module__id__C)
                  00818222    00000002     Sys_BIOs_config_pe66.oe66 (.const:ti_sysbios_knl_Task_Module__loggerDefined__C)
                  00818224    00000002     Sys_BIOs_config_pe66.oe66 (.const:ti_sysbios_knl_Task_deleteTerminatedTasks__C)
                  00818226    00000002     Sys_BIOs_config_pe66.oe66 (.const:ti_sysbios_knl_Task_initStackFlag__C)
                  00818228    00000002     Sys_BIOs_config_pe66.oe66 (.const:ti_sysbios_timers_timer64_Timer_Module__id__C)
                  0081822a    00000002     Sys_BIOs_config_pe66.oe66 (.const:ti_sysbios_timers_timer64_Timer_startupNeeded__C)
                  0081822c    00000002     Sys_BIOs_config_pe66.oe66 (.const:ti_sysbios_utils_Load_Module__id__C)
                  0081822e    00000002     Sys_BIOs_config_pe66.oe66 (.const:ti_sysbios_utils_Load_Module__loggerDefined__C)
                  00818230    00000002     Sys_BIOs_config_pe66.oe66 (.const:ti_sysbios_utils_Load_autoAddTasks__C)
                  00818232    00000002     Sys_BIOs_config_pe66.oe66 (.const:ti_sysbios_utils_Load_hwiEnabled__C)
                  00818234    00000002     Sys_BIOs_config_pe66.oe66 (.const:ti_sysbios_utils_Load_swiEnabled__C)
                  00818236    00000002     Sys_BIOs_config_pe66.oe66 (.const:ti_sysbios_utils_Load_taskEnabled__C)
                  00818238    00000002     Sys_BIOs_config_pe66.oe66 (.const:ti_sysbios_utils_Load_updateInIdle__C)
                  0081823a    00000002     Sys_BIOs_config_pe66.oe66 (.const:ti_uia_runtime_LoggerProbePoint_Module__id__C)
                  0081823c    00000002     Sys_BIOs_config_pe66.oe66 (.const:ti_uia_runtime_LoggerProbePoint_filterByLevel__C)
                  0081823e    00000002     Sys_BIOs_config_pe66.oe66 (.const:ti_uia_runtime_LoggerProbePoint_isTimestampEnabled__C)
                  00818240    00000002     Sys_BIOs_config_pe66.oe66 (.const:ti_uia_runtime_LoggerStopMode_Module__id__C)
                  00818242    00000002     Sys_BIOs_config_pe66.oe66 (.const:ti_uia_runtime_LoggerStopMode_filterByLevel__C)
                  00818244    00000002     Sys_BIOs_config_pe66.oe66 (.const:ti_uia_runtime_LoggerStopMode_isTimestampEnabled__C)
                  00818246    00000002     Sys_BIOs_config_pe66.oe66 (.const:xdc_runtime_Core_Module__id__C)
                  00818248    00000002     Sys_BIOs_config_pe66.oe66 (.const:xdc_runtime_Error_Module__loggerDefined__C)
                  0081824a    00000002     Sys_BIOs_config_pe66.oe66 (.const:xdc_runtime_Error_maxDepth__C)
                  0081824c    00000002     Sys_BIOs_config_pe66.oe66 (.const:xdc_runtime_LoggerBuf_Module__id__C)
                  0081824e    00000002     Sys_BIOs_config_pe66.oe66 (.const:xdc_runtime_LoggerBuf_filterByLevel__C)
                  00818250    00000002     Sys_BIOs_config_pe66.oe66 (.const:xdc_runtime_Memory_Module__id__C)
                  00818252    00000002     Sys_BIOs_config_pe66.oe66 (.const:xdc_runtime_SysMin_flushAtExit__C)
                  00818254    00000002     Sys_BIOs_config_pe66.oe66 (.const:xdc_runtime_Text_charCnt__C)
                  00818256    00000002     Sys_BIOs_config_pe66.oe66 (.const:xdc_runtime_Text_isLoaded__C)
                  00818258    00000002     Sys_BIOs_config_pe66.oe66 (.const:xdc_runtime_Text_registryModsLastId__C)
                  0081825a    00000002     Sys_BIOs_config_pe66.oe66 (.const:xdc_runtime_Text_unnamedModsLastId__C)

.stack     0    00818260    00001000     UNINITIALIZED
                  00818260    00000008     boot.ae66 : boot.oe66 (.stack)
                  00818268    00000ff8     --HOLE--

.fardata   0    00819260    00000af4     
                  00819260    000002e0     Sys_BIOs_config_pe66.oe66 (.fardata)
                  00819540    00000180     Sys_BIOs_config_pe66.oe66 (.fardata:ti_sysbios_timers_timer64_Timer_Module_State_0_device__A)
                  008196c0    00000114     Sys_BIOs_config_pe66.oe66 (.fardata:ti_uia_runtime_LoggerProbePoint_Object__table__V)
                  008197d4    00000004     rts6600_elf.lib : dtor_list.obj (.fardata)
                  008197d8    000000f0     Sys_BIOs_config_pe66.oe66 (.fardata:ti_sysbios_knl_Task_Object__table__V)
                  008198c8    00000080     Sys_BIOs_config_pe66.oe66 (.fardata:ti_sysbios_knl_Swi_Module_State_0_readyQ__A)
                  00819948    00000080     Sys_BIOs_config_pe66.oe66 (.fardata:ti_sysbios_knl_Task_Module_State_0_readyQ__A)
                  008199c8    00000080     Sys_BIOs_config_pe66.oe66 (.fardata:ti_sysbios_timers_timer64_Timer_Module_State_0_gctrl__A)
                  00819a48    00000080     Sys_BIOs_config_pe66.oe66 (.fardata:ti_sysbios_timers_timer64_Timer_Module_State_0_handles__A)
                  00819ac8    00000080     Sys_BIOs_config_pe66.oe66 (.fardata:ti_sysbios_timers_timer64_Timer_Module_State_0_intFreqs__A)
                  00819b48    0000005c     Sys_BIOs_config_pe66.oe66 (.fardata:ti_uia_runtime_LoggerStopMode_Object__table__V)
                  00819ba4    00000004     --HOLE--
                  00819ba8    0000004c     Sys_BIOs_config_pe66.oe66 (.fardata:ti_sysbios_timers_timer64_Timer_Object__table__V)
                  00819bf4    00000004     --HOLE--
                  00819bf8    00000040     rts6600_elf.lib : sin.obj (.fardata:R$1)
                  00819c38    00000040     Sys_BIOs_config_pe66.oe66 (.fardata:ti_sysbios_gates_GateMutex_Object__table__V)
                  00819c78    00000030     Sys_BIOs_config_pe66.oe66 (.fardata:ti_sysbios_knl_Swi_Object__table__V)
                  00819ca8    00000024     Sys_BIOs_config_pe66.oe66 (.fardata:xdc_runtime_LoggerBuf_Object__table__V)
                  00819ccc    00000004     --HOLE--
                  00819cd0    00000018     Sys_BIOs_config_pe66.oe66 (.fardata:ti_sysbios_family_c64p_Hwi_Object__table__V)
                  00819ce8    00000018     Sys_BIOs_config_pe66.oe66 (.fardata:ti_sysbios_heaps_HeapMem_Object__table__V)
                  00819d00    00000010     Sys_BIOs_config_pe66.oe66 (.fardata:xdc_runtime_System_Module_State_0_atexitHandlers__A)
                  00819d10    0000000c     rts6600_elf.lib : exit.obj (.fardata)
                  00819d1c    00000008                     : _lock.obj (.fardata)
                  00819d24    00000004     --HOLE--
                  00819d28    00000008     Sys_BIOs_config_pe66.oe66 (.fardata:ti_sysbios_hal_Hwi_Object__table__V)
                  00819d30    00000008     Sys_BIOs_config_pe66.oe66 (.fardata:ti_sysbios_hal_Timer_Object__table__V)
                  00819d38    00000004     Sys_BIOs_config_pe66.oe66 (.fardata:ti_sysbios_gates_GateHwi_Object__table__V)
                  00819d3c    00000004     --HOLE--
                  00819d40    00000004     Sys_BIOs_config_pe66.oe66 (.fardata:ti_sysbios_knl_Task_Module_State_0_idleTask__A)
                  00819d44    00000004     --HOLE--
                  00819d48    00000004     Sys_BIOs_config_pe66.oe66 (.fardata:ti_sysbios_utils_Load_Module_State_0_runningTask__A)
                  00819d4c    00000004     --HOLE--
                  00819d50    00000004     Sys_BIOs_config_pe66.oe66 (.fardata:ti_sysbios_utils_Load_Module_State_0_taskStartTime__A)

.cio       0    00819d58    00000120     UNINITIALIZED
                  00819d58    00000120     rts6600_elf.lib : trgmsg.obj (.cio)

.bss       0    00819e78    00000026     UNINITIALIZED
                  00819e78    00000020     util.obj (.bss)
                  00819e98    00000006     main_gtz.obj (.bss)

.neardata 
*          0    00819ea0    00000018     
                  00819ea0    0000000c     main_gtz.obj (.neardata)
                  00819eac    00000008     ti.uia.runtime.ae66 : QueueDescriptor.oe66 (.neardata)
                  00819eb4    00000004     util.obj (.neardata)

.rodata    0    00819eb8    00000000     UNINITIALIZED

.vecs      0    0081a000    00000200     
                  0081a000    00000200     Sys_BIOs_config_pe66.oe66 (.vecs)

.cinit     0    0081a200    000007fc     
                  0081a200    000007b4     (.cinit..fardata.load) [load image, compression = rle]
                  0081a9b4    0000000c     (__TI_handler_table)
                  0081a9c0    00000009     (.cinit..neardata.load) [load image, compression = rle]
                  0081a9c9    00000003     --HOLE-- [fill = 0]
                  0081a9cc    00000008     (.cinit..bss.load) [load image, compression = zero_init]
                  0081a9d4    00000008     (.cinit..far.load) [load image, compression = zero_init]
                  0081a9dc    00000020     (__TI_cinit_table)


LINKER GENERATED COPY TABLES

__TI_cinit_table @ 0081a9dc records: 4, size/record: 8, table size: 32
	.fardata: load addr=0081a200, load size=000007b4 bytes, run addr=00819260, run size=00000af4 bytes, compression=rle
	.neardata: load addr=0081a9c0, load size=00000009 bytes, run addr=00819ea0, run size=00000018 bytes, compression=rle
	.bss: load addr=0081a9cc, load size=00000008 bytes, run addr=00819e78, run size=00000026 bytes, compression=zero_init
	.far: load addr=0081a9d4, load size=00000008 bytes, run addr=00810ca0, run size=00003e40 bytes, compression=zero_init


LINKER GENERATED HANDLER TABLE

__TI_handler_table @ 0081a9b4 records: 3, size/record: 4, table size: 12
	index: 0, handler: __TI_zero_init
	index: 1, handler: __TI_decompress_rle24
	index: 2, handler: __TI_decompress_none


GLOBAL SYMBOLS: SORTED ALPHABETICALLY BY Name 

address    name
--------   ----
00810180   C$$EXIT
0080f2b8   C$$IO$$
0080c1e0   HOSTwrite
00819878   TSK_idle
00806814   UIAPROBE_WRITE0
00806a4c   UIAPROBE_WRITE1
00806c94   UIAPROBE_WRITE2
00805a2c   UIAPROBE_WRITE4
008040c8   UIAPROBE_WRITE8
00805ca8   UIAPROBE_WRITEMEMORYRANGE
00800000   __ASM__
00819d58   __CIOBUF_
00800058   __ISA__
00800070   __PLAT__
00800098   __TARG__
0081a9dc   __TI_CINIT_Base
0081a9fc   __TI_CINIT_Limit
0081a9b4   __TI_Handler_Table_Base
0081a9c0   __TI_Handler_Table_Limit
UNDEFED    __TI_INITARRAY_Base
UNDEFED    __TI_INITARRAY_Limit
00819260   __TI_STACK_END
00001000   __TI_STACK_SIZE
00819e78   __TI_STATIC_BASE
00000001   __TI_args_main
008101c0   __TI_decompress_none
008101e0   __TI_decompress_rle24
00819d18   __TI_enable_exit_profile_output
ffffffff   __TI_pprof_out_hndl
ffffffff   __TI_prof_data_size
ffffffff   __TI_prof_data_start
0080b760   __TI_zero_init
008000c0   __TRDR__
ffffffff   __binit__
0080c420   __c6xabi_divu
008061e0   __c6xabi_divull
0080db20   __c6xabi_llshl
0080ed20   __c6xabi_llshru
0080cea0   __c6xabi_nround
0080cf40   __c6xabi_remu
00810060   __c6xabi_trunc
[...]
00810a20   xdc_runtime_Gate_enterSystem__F
00810a80   xdc_runtime_LoggerBuf_Module_GateProxy_enter__E
00810aa0   xdc_runtime_LoggerBuf_Module_GateProxy_leave__E
00810ac0   xdc_runtime_LoggerBuf_disable__E
00810ac0   xdc_runtime_LoggerBuf_disable__F
00810ae0   xdc_runtime_LoggerBuf_enable__E
00810ae0   xdc_runtime_LoggerBuf_enable__F
00810b00   xdc_runtime_Memory_HeapProxy_alloc__E
00810b20   xdc_runtime_Memory_HeapProxy_free__E
00810b40   xdc_runtime_Startup_exec__I
00810b60   xdc_runtime_Startup_reset__I
00810b80   xdc_runtime_SysMin_ready__E
00810b80   xdc_runtime_SysMin_ready__F
00810b80   xdc_runtime_System_SupportProxy_ready__E
00810ba0   xdc_runtime_System_Module_GateProxy_enter__E
00810bc0   xdc_runtime_System_Module_GateProxy_leave__E
00810be0   xdc_runtime_System_Module_startup__E
00810be0   xdc_runtime_System_Module_startup__F
00810c00   xdc_runtime_System_exit__E
00810c00   xdc_runtime_System_exit__F
00810c20   xdc_runtime_System_lastFxn__I
00810c40   xdc_runtime_System_snprintf_va__E
00810c40   xdc_runtime_System_snprintf_va__F
00810c40   xdc_runtime_System_vsnprintf__E
00810c40   xdc_runtime_System_vsnprintf__F
00810c60   xdc_runtime_Text_visitRope__I
00810c80   xdc_runtime_Timestamp_Module__startupDone__S
00810ca0   ti_sysbios_heaps_HeapMem_Instance_State_0_buf__A
00811ca0   ti_sysbios_knl_Task_Instance_State_0_hookEnv__A
00811ca8   ti_sysbios_knl_Task_Instance_State_1_hookEnv__A
00811cb0   ti_sysbios_knl_Task_Instance_State_2_hookEnv__A
00811cb8   ti_uia_runtime_LoggerProbePoint_Instance_State_0_bufferArray__A
00811f38   ti_uia_runtime_LoggerProbePoint_Instance_State_1_bufferArray__A
008123b8   ti_uia_runtime_LoggerProbePoint_Instance_State_2_bufferArray__A
00812838   ti_uia_runtime_LoggerStopMode_Instance_State_0_bufferArray__A
00812ab8   xdc_runtime_LoggerBuf_Instance_State_0_entryArr__A
00812eb8   xdc_runtime_SysMin_Module_State_0_outbuf__A
008132b8   ti_sysbios_knl_Task_Instance_State_0_stack__A
00813ab8   ti_sysbios_knl_Task_Instance_State_1_stack__A
008142b8   ti_sysbios_knl_Task_Instance_State_2_stack__A
00814ab8   gtz_out
00814ae0   xdc_runtime_Text_charTab__A
00817318   ti_sysbios_family_c66_Cache_marvalues__C
00817854   ti_sysbios_BIOS_Module__diagsEnabled__C
00817858   xdc_runtime_Text_nodeTab__A
00817980   ti_uia_runtime_LoggerProbePoint_Module__FXNS__C
008179e0   ti_uia_runtime_LoggerStopMode_Module__FXNS__C
00817ae0   xdc_runtime_Startup_sfxnTab__A
00817b64   xdc_runtime_LoggerBuf_Module__FXNS__C
00817ba0   ti_uia_runtime_LoggerProbePoint_Object__PARAMS__C
00817bd4   ti_uia_runtime_LoggerStopMode_Object__PARAMS__C
00817c08   ti_sysbios_knl_Task_hooks__A
00817c64   ti_sysbios_heaps_HeapMem_Module__FXNS__C
00817c8c   xdc_runtime_LoggerBuf_Object__PARAMS__C
00817cb4   ti_sysbios_gates_GateHwi_Module__FXNS__C
00817cd8   ti_sysbios_gates_GateMutex_Module__FXNS__C
00817cfc   ti_sysbios_heaps_HeapMem_Object__PARAMS__C
00817d20   ti_sysbios_knl_Clock_Object__PARAMS__C
00817d44   ti_sysbios_knl_Semaphore_Object__PARAMS__C
00817d68   xdc_runtime_Startup_sfxnRts__A
00817d8a   ti_sysbios_BIOS_Module__id__C
00817d8c   ti_sysbios_gates_GateHwi_Object__DESC__C
00817dac   ti_sysbios_gates_GateMutex_Object__DESC__C
00817dcc   ti_sysbios_heaps_HeapMem_Object__DESC__C
00817dec   ti_sysbios_knl_Clock_Object__DESC__C
00817e0c   ti_sysbios_knl_Queue_Object__DESC__C
00817e2c   ti_sysbios_knl_Semaphore_Object__DESC__C
00817e4c   ti_uia_runtime_LoggerProbePoint_Object__DESC__C
00817e6c   ti_uia_runtime_LoggerStopMode_Object__DESC__C
00817e8c   xdc_runtime_LoggerBuf_Object__DESC__C
00817eac   ti_sysbios_gates_GateHwi_Object__PARAMS__C
00817ec4   ti_sysbios_gates_GateMutex_Object__PARAMS__C
00817edc   ti_sysbios_knl_Queue_Object__PARAMS__C
00817f22   ti_sysbios_family_c64p_Exception_Module__id__C
00817f24   ti_sysbios_family_c66_Cache_initSize__C
00817f30   ti_sysbios_knl_Idle_coreList__A
00817f38   ti_sysbios_knl_Idle_coreList__C
00817f40   ti_sysbios_knl_Idle_funcList__A
00817f48   ti_sysbios_knl_Idle_funcList__C
00817f50   ti_sysbios_knl_Task_hooks__C
00817f58   xdc_runtime_Startup_firstFxns__A
00817f60   xdc_runtime_Startup_firstFxns__C
00817f68   xdc_runtime_Startup_lastFxns__C
00817f70   ti_sysbios_BIOS_Module__diagsIncluded__C
00817f74   ti_sysbios_BIOS_Module__diagsMask__C
00817f78   ti_sysbios_BIOS_installedErrorHook__C
00817f7c   ti_sysbios_family_c64p_Exception_E_exceptionMax__C
00817f80   ti_sysbios_family_c64p_Exception_E_exceptionMin__C
00817f84   ti_sysbios_family_c64p_Exception_exceptionHook__C
00817f88   ti_sysbios_family_c64p_Exception_externalHook__C
00817f8c   ti_sysbios_family_c64p_Exception_internalHook__C
00817f90   ti_sysbios_family_c64p_Exception_nmiHook__C
00817f94   ti_sysbios_family_c64p_Hwi_LD_end__C
00817f98   ti_sysbios_family_c64p_Hwi_LM_begin__C
00817f9c   ti_sysbios_family_c64p_Hwi_Module__diagsEnabled__C
00817fa0   ti_sysbios_family_c64p_Hwi_Module__diagsIncluded__C
00817fa4   ti_sysbios_family_c64p_Hwi_Module__diagsMask__C
00817fa8   ti_sysbios_family_c64p_Hwi_Module__loggerFxn1__C
00817fac   ti_sysbios_family_c64p_Hwi_Module__loggerFxn8__C
00817fb0   ti_sysbios_family_c64p_Hwi_Module__loggerObj__C
00817fb4   ti_sysbios_gates_GateMutex_A_badContext__C
00817fb8   ti_sysbios_gates_GateMutex_Instance_State_sem__O
00817fbc   ti_sysbios_gates_GateMutex_Module__diagsEnabled__C
00817fc0   ti_sysbios_gates_GateMutex_Module__diagsIncluded__C
00817fc4   ti_sysbios_gates_GateMutex_Module__diagsMask__C
00817fc8   ti_sysbios_hal_Hwi_E_stackOverflow__C
00817fcc   ti_sysbios_heaps_HeapMem_A_align__C
00817fd0   ti_sysbios_heaps_HeapMem_A_heapSize__C
00817fd4   ti_sysbios_heaps_HeapMem_A_invalidFree__C
00817fd8   ti_sysbios_heaps_HeapMem_A_zeroBlock__C
00817fdc   ti_sysbios_heaps_HeapMem_E_memory__C
00817fe0   ti_sysbios_heaps_HeapMem_Module__diagsEnabled__C
00817fe4   ti_sysbios_heaps_HeapMem_Module__diagsIncluded__C
00817fe8   ti_sysbios_heaps_HeapMem_Module__diagsMask__C
00817fec   ti_sysbios_heaps_HeapMem_Module__gateObj__C
00817ff0   ti_sysbios_heaps_HeapMem_Object__count__C
00817ff4   ti_sysbios_heaps_HeapMem_reqAlign__C
00817ff8   ti_sysbios_knl_Clock_A_badThreadType__C
00817ffc   ti_sysbios_knl_Clock_LM_begin__C
00818000   ti_sysbios_knl_Clock_LM_tick__C
00818004   ti_sysbios_knl_Clock_LW_delayed__C
00818008   ti_sysbios_knl_Clock_Module_State_clockQ__O
0081800c   ti_sysbios_knl_Clock_Module__diagsEnabled__C
00818010   ti_sysbios_knl_Clock_Module__diagsIncluded__C
00818014   ti_sysbios_knl_Clock_Module__diagsMask__C
00818018   ti_sysbios_knl_Clock_Module__loggerFxn1__C
0081801c   ti_sysbios_knl_Clock_Module__loggerFxn2__C
00818020   ti_sysbios_knl_Clock_Module__loggerObj__C
00818024   ti_sysbios_knl_Clock_tickMode__C
00818028   ti_sysbios_knl_Clock_tickSource__C
0081802c   ti_sysbios_knl_Semaphore_A_badContext__C
00818030   ti_sysbios_knl_Semaphore_A_noEvents__C
00818034   ti_sysbios_knl_Semaphore_A_overflow__C
00818038   ti_sysbios_knl_Semaphore_A_pendTaskDisabled__C
0081803c   ti_sysbios_knl_Semaphore_Instance_State_pendQ__O
00818040   ti_sysbios_knl_Semaphore_LM_pend__C
00818044   ti_sysbios_knl_Semaphore_LM_post__C
00818048   ti_sysbios_knl_Semaphore_Module__diagsEnabled__C
0081804c   ti_sysbios_knl_Semaphore_Module__diagsIncluded__C
00818050   ti_sysbios_knl_Semaphore_Module__diagsMask__C
00818054   ti_sysbios_knl_Semaphore_Module__loggerFxn2__C
00818058   ti_sysbios_knl_Semaphore_Module__loggerFxn4__C
0081805c   ti_sysbios_knl_Semaphore_Module__loggerObj__C
00818060   ti_sysbios_knl_Swi_LD_end__C
00818064   ti_sysbios_knl_Swi_LM_begin__C
00818068   ti_sysbios_knl_Swi_LM_post__C
0081806c   ti_sysbios_knl_Swi_Module__diagsEnabled__C
00818070   ti_sysbios_knl_Swi_Module__diagsIncluded__C
00818074   ti_sysbios_knl_Swi_Module__diagsMask__C
00818078   ti_sysbios_knl_Swi_Module__loggerFxn1__C
0081807c   ti_sysbios_knl_Swi_Module__loggerFxn4__C
00818080   ti_sysbios_knl_Swi_Module__loggerObj__C
00818084   ti_sysbios_knl_Swi_Object__count__C
00818088   ti_sysbios_knl_Task_A_badTimeout__C
0081808c   ti_sysbios_knl_Task_A_sleepTaskDisabled__C
00818090   ti_sysbios_knl_Task_E_spOutOfBounds__C
00818094   ti_sysbios_knl_Task_E_stackOverflow__C
00818098   ti_sysbios_knl_Task_LD_block__C
0081809c   ti_sysbios_knl_Task_LD_exit__C
008180a0   ti_sysbios_knl_Task_LD_ready__C
008180a4   ti_sysbios_knl_Task_LM_sleep__C
008180a8   ti_sysbios_knl_Task_LM_switch__C
008180ac   ti_sysbios_knl_Task_Module_State_inactiveQ__O
008180b0   ti_sysbios_knl_Task_Module_State_terminatedQ__O
008180b4   ti_sysbios_knl_Task_Module__diagsEnabled__C
008180b8   ti_sysbios_knl_Task_Module__diagsIncluded__C
008180bc   ti_sysbios_knl_Task_Module__diagsMask__C
008180c0   ti_sysbios_knl_Task_Module__loggerFxn2__C
008180c4   ti_sysbios_knl_Task_Module__loggerFxn4__C
008180c8   ti_sysbios_knl_Task_Module__loggerObj__C
008180cc   ti_sysbios_knl_Task_Object__count__C
008180d0   ti_sysbios_knl_Task_Object__heap__C
008180d4   ti_sysbios_knl_Task_allBlockedFunc__C
008180d8   ti_sysbios_knl_Task_numConstructedTasks__C
008180dc   ti_sysbios_timers_timer64_Timer_A_notAvailable__C
008180e0   ti_sysbios_timers_timer64_Timer_E_cannotSupport__C
008180e4   ti_sysbios_timers_timer64_Timer_Module__diagsEnabled__C
008180e8   ti_sysbios_timers_timer64_Timer_Module__diagsIncluded__C
008180ec   ti_sysbios_timers_timer64_Timer_Module__diagsMask__C
008180f0   ti_sysbios_timers_timer64_Timer_anyMask__C
008180f4   ti_sysbios_timers_timer64_Timer_freqDivisor__C
008180f8   ti_sysbios_timers_timer64_Timer_numLocalTimers__C
008180fc   ti_sysbios_timers_timer64_Timer_numTimerDevices__C
00818100   ti_sysbios_utils_Load_LS_cpuLoad__C
00818104   ti_sysbios_utils_Load_LS_hwiLoad__C
00818108   ti_sysbios_utils_Load_LS_swiLoad__C
0081810c   ti_sysbios_utils_Load_LS_taskLoad__C
00818110   ti_sysbios_utils_Load_Module_State_taskList__O
00818114   ti_sysbios_utils_Load_Module__diagsEnabled__C
00818118   ti_sysbios_utils_Load_Module__diagsIncluded__C
0081811c   ti_sysbios_utils_Load_Module__diagsMask__C
00818120   ti_sysbios_utils_Load_Module__loggerFxn1__C
00818124   ti_sysbios_utils_Load_Module__loggerFxn2__C
00818128   ti_sysbios_utils_Load_Module__loggerFxn4__C
0081812c   ti_sysbios_utils_Load_Module__loggerObj__C
00818130   ti_sysbios_utils_Load_postUpdate__C
00818134   ti_sysbios_utils_Load_windowInMs__C
00818138   ti_uia_family_c66_TimestampC66XGlobal_timerBaseAdrs__C
0081813c   ti_uia_runtime_ILoggerSnapshot_Interface__BASE__C
00818140   ti_uia_runtime_IUIATransfer_Interface__BASE__C
00818144   ti_uia_runtime_LoggerProbePoint_E_badLevel__C
00818148   ti_uia_runtime_LoggerProbePoint_Object__count__C
0081814c   ti_uia_runtime_LoggerProbePoint_overflowLogger__C
00818150   ti_uia_runtime_LoggerProbePoint_statusLogger__C
00818154   ti_uia_runtime_LoggerStopMode_E_badLevel__C
00818158   ti_uia_runtime_LoggerStopMode_Object__count__C
0081815c   ti_uia_runtime_LoggerStopMode_overflowLogger__C
00818160   ti_uia_runtime_LoggerStopMode_statusLogger__C
00818164   xdc_runtime_Assert_E_assertFailed__C
00818168   xdc_runtime_Core_A_initializedParams__C
0081816c   xdc_runtime_Core_Module__diagsEnabled__C
00818170   xdc_runtime_Core_Module__diagsIncluded__C
00818174   xdc_runtime_Core_Module__diagsMask__C
00818178   xdc_runtime_Error_E_memory__C
0081817c   xdc_runtime_Error_Module__diagsEnabled__C
00818180   xdc_runtime_Error_Module__diagsIncluded__C
00818184   xdc_runtime_Error_Module__diagsMask__C
00818188   xdc_runtime_Error_Module__loggerFxn8__C
0081818c   xdc_runtime_Error_Module__loggerObj__C
00818190   xdc_runtime_Error_policy__C
00818194   xdc_runtime_Error_raiseHook__C
00818198   xdc_runtime_IFilterLogger_Interface__BASE__C
0081819c   xdc_runtime_IGateProvider_Interface__BASE__C
008181a0   xdc_runtime_IHeap_Interface__BASE__C
008181a4   xdc_runtime_ILogger_Interface__BASE__C
008181a8   xdc_runtime_IModule_Interface__BASE__C
008181ac   xdc_runtime_Log_L_error__C
008181b0   xdc_runtime_LoggerBuf_E_badLevel__C
008181b4   xdc_runtime_LoggerBuf_Module__gateObj__C
008181b8   xdc_runtime_LoggerBuf_Object__count__C
008181bc   xdc_runtime_LoggerBuf_statusLogger__C
008181c0   xdc_runtime_Memory_defaultHeapInstance__C
008181c4   xdc_runtime_Startup_execImpl__C
008181c8   xdc_runtime_Startup_lastFxns__A
008181cc   xdc_runtime_Startup_maxPasses__C
008181d0   xdc_runtime_Startup_sfxnRts__C
008181d4   xdc_runtime_Startup_sfxnTab__C
008181d8   xdc_runtime_SysMin_bufSize__C
008181dc   xdc_runtime_SysMin_outputFunc__C
008181e0   xdc_runtime_System_Module__gateObj__C
008181e4   xdc_runtime_System_extendFxn__C
008181e8   xdc_runtime_System_maxAtexitHandlers__C
008181ec   xdc_runtime_Text_charTab__C
008181f0   xdc_runtime_Text_nameEmpty__C
008181f4   xdc_runtime_Text_nameStatic__C
008181f8   xdc_runtime_Text_nameUnknown__C
008181fc   xdc_runtime_Text_nodeTab__C
00818200   xdc_runtime_Text_visitRopeFxn__C
00818204   ti_sysbios_family_c64p_Exception_enableExternalMPC__C
00818206   ti_sysbios_family_c64p_Exception_enablePrint__C
00818208   ti_sysbios_family_c64p_Exception_useInternalBuffer__C
0081820a   ti_sysbios_family_c64p_Hwi_Module__id__C
0081820c   ti_sysbios_family_c64p_Hwi_Module__loggerDefined__C
0081820e   ti_sysbios_gates_GateMutex_Module__id__C
00818210   ti_sysbios_hal_Hwi_Module__id__C
00818212   ti_sysbios_heaps_HeapMem_Module__id__C
00818214   ti_sysbios_knl_Clock_Module__id__C
00818216   ti_sysbios_knl_Clock_Module__loggerDefined__C
00818218   ti_sysbios_knl_Semaphore_Module__id__C
0081821a   ti_sysbios_knl_Semaphore_Module__loggerDefined__C
0081821c   ti_sysbios_knl_Swi_Module__id__C
0081821e   ti_sysbios_knl_Swi_Module__loggerDefined__C
00818220   ti_sysbios_knl_Task_Module__id__C
00818222   ti_sysbios_knl_Task_Module__loggerDefined__C
00818224   ti_sysbios_knl_Task_deleteTerminatedTasks__C
00818226   ti_sysbios_knl_Task_initStackFlag__C
00818228   ti_sysbios_timers_timer64_Timer_Module__id__C
0081822a   ti_sysbios_timers_timer64_Timer_startupNeeded__C
0081822c   ti_sysbios_utils_Load_Module__id__C
0081822e   ti_sysbios_utils_Load_Module__loggerDefined__C
00818230   ti_sysbios_utils_Load_autoAddTasks__C
00818232   ti_sysbios_utils_Load_hwiEnabled__C
00818234   ti_sysbios_utils_Load_swiEnabled__C
00818236   ti_sysbios_utils_Load_taskEnabled__C
00818238   ti_sysbios_utils_Load_updateInIdle__C
0081823a   ti_uia_runtime_LoggerProbePoint_Module__id__C
0081823c   ti_uia_runtime_LoggerProbePoint_filterByLevel__C
0081823e   ti_uia_runtime_LoggerProbePoint_isTimestampEnabled__C
00818240   ti_uia_runtime_LoggerStopMode_Module__id__C
00818242   ti_uia_runtime_LoggerStopMode_filterByLevel__C
00818244   ti_uia_runtime_LoggerStopMode_isTimestampEnabled__C
00818246   xdc_runtime_Core_Module__id__C
00818248   xdc_runtime_Error_Module__loggerDefined__C
0081824a   xdc_runtime_Error_maxDepth__C
0081824c   xdc_runtime_LoggerBuf_Module__id__C
0081824e   xdc_runtime_LoggerBuf_filterByLevel__C
00818250   xdc_runtime_Memory_Module__id__C
00818252   xdc_runtime_SysMin_flushAtExit__C
00818254   xdc_runtime_Text_charCnt__C
00818256   xdc_runtime_Text_isLoaded__C
00818258   xdc_runtime_Text_registryModsLastId__C
0081825a   xdc_runtime_Text_unnamedModsLastId__C
00818260   _stack
00819260   __TI_STACK_END
00819260   ti_sysbios_BIOS_Module__state__V
00819280   ti_sysbios_family_c64p_Exception_Module__state__V
008192b0   ti_sysbios_family_c64p_Hwi_Module__root__V
008192b8   ti_sysbios_family_c64p_Hwi_Module__state__V
00819320   ti_sysbios_gates_GateHwi_Module__root__V
00819328   ti_sysbios_gates_GateMutex_Module__root__V
00819330   ti_sysbios_hal_Hwi_Module__root__V
00819338   ti_sysbios_hal_Timer_Module__root__V
00819340   ti_sysbios_heaps_HeapMem_Module__root__V
00819348   ti_sysbios_knl_Clock_Module__root__V
00819350   ti_sysbios_knl_Clock_Module__state__V
00819378   ti_sysbios_knl_Event_Module__root__V
00819384   ti_sysbios_knl_Queue_Module__root__V
0081938c   ti_sysbios_knl_Semaphore_Module__root__V
00819398   ti_sysbios_knl_Swi_Module__root__V
008193a4   ti_sysbios_knl_Swi_Module__state__V
008193c0   ti_sysbios_knl_Task_Module__root__V
008193cc   ti_sysbios_knl_Task_Module__state__V
00819410   ti_sysbios_timers_timer64_Timer_Module__root__V
00819418   ti_sysbios_timers_timer64_Timer_Module__state__V
0081942c   ti_sysbios_utils_Load_Module__root__V
00819430   ti_sysbios_utils_Load_Module__state__V
008194ac   ti_uia_family_c66_TimestampC66XGlobal_Module__root__V
008194b4   ti_uia_runtime_LogSync_Module__root__V
008194bc   ti_uia_runtime_LogSync_Module__state__V
008194c8   ti_uia_runtime_LoggerProbePoint_Module__root__V
008194d0   ti_uia_runtime_LoggerProbePoint_Module__state__V
008194d8   ti_uia_runtime_LoggerStopMode_Module__root__V
008194e0   ti_uia_runtime_LoggerStopMode_Module__state__V
008194e8   ti_uia_runtime_QueueDescriptor_Module__state__V
008194f4   xdc_runtime_Error_Module__state__V
008194f8   xdc_runtime_LoggerBuf_Module__root__V
00819500   xdc_runtime_LoggerBuf_Module__state__V
00819506   xdc_runtime_Main_Module__root__V
00819508   xdc_runtime_Memory_Module__state__V
0081950c   xdc_runtime_Registry_Module__state__V
00819514   xdc_runtime_Startup_Module__state__V
0081951c   xdc_runtime_SysMin_Module__state__V
00819528   xdc_runtime_System_Module__state__V
00819534   xdc_runtime_Text_Module__state__V
0081953c   __xdc__init__addr
00819540   ti_sysbios_timers_timer64_Timer_Module_State_0_device__A
008196c0   ti_uia_runtime_LoggerProbePoint_Object__table__V
008197d8   ti_sysbios_knl_Task_Object__table__V
00819878   TSK_idle
008198c8   ti_sysbios_knl_Swi_Module_State_0_readyQ__A
00819948   ti_sysbios_knl_Task_Module_State_0_readyQ__A
008199c8   ti_sysbios_timers_timer64_Timer_Module_State_0_gctrl__A
00819a48   ti_sysbios_timers_timer64_Timer_Module_State_0_handles__A
00819ac8   ti_sysbios_timers_timer64_Timer_Module_State_0_intFreqs__A
00819b48   ti_uia_runtime_LoggerStopMode_Object__table__V
00819ba8   ti_sysbios_timers_timer64_Timer_Object__table__V
00819c38   ti_sysbios_gates_GateMutex_Object__table__V
00819c78   ti_sysbios_knl_Swi_Object__table__V
00819ca8   xdc_runtime_LoggerBuf_Object__table__V
00819cd0   ti_sysbios_family_c64p_Hwi_Object__table__V
00819ce8   ti_sysbios_heaps_HeapMem_Object__table__V
00819d00   xdc_runtime_System_Module_State_0_atexitHandlers__A
00819d10   _cleanup_ptr
00819d14   _dtors_ptr
00819d18   __TI_enable_exit_profile_output
00819d1c   _lock
00819d20   _unlock
00819d28   ti_sysbios_hal_Hwi_Object__table__V
00819d30   ti_sysbios_hal_Timer_Object__table__V
00819d38   ti_sysbios_gates_GateHwi_Object__table__V
00819d40   ti_sysbios_knl_Task_Module_State_0_idleTask__A
00819d48   ti_sysbios_utils_Load_Module_State_0_runningTask__A
00819d50   ti_sysbios_utils_Load_Module_State_0_taskStartTime__A
00819d58   __CIOBUF_
00819e78   __TI_STATIC_BASE
00819e78   time1
00819e7c   time2
00819e80   digit
00819e84   freq1
00819e88   freq2
00819e8c   mag1
00819e90   mag2
00819e94   sample
00819eac   ti_uia_runtime_QueueDescriptor_gPtrToFirstDescriptor
00819eb0   ti_uia_runtime_QueueDescriptor_gUpdateCount
0081a000   ti_sysbios_family_c64p_Hwi0
0081a000   ti_sysbios_family_c64p_Hwi_int0
0081a020   ti_sysbios_family_c64p_Hwi_int1
0081a040   ti_sysbios_family_c64p_Hwi_int2
0081a060   ti_sysbios_family_c64p_Hwi_int3
0081a080   ti_sysbios_family_c64p_Hwi_int4
0081a0a0   ti_sysbios_family_c64p_Hwi_int5
0081a0c0   ti_sysbios_family_c64p_Hwi_int6
0081a0e0   ti_sysbios_family_c64p_Hwi_int7
0081a100   ti_sysbios_family_c64p_Hwi_int8
0081a120   ti_sysbios_family_c64p_Hwi_int9
0081a140   ti_sysbios_family_c64p_Hwi_int10
0081a160   ti_sysbios_family_c64p_Hwi_int11
0081a180   ti_sysbios_family_c64p_Hwi_int12
0081a1a0   ti_sysbios_family_c64p_Hwi_int13
0081a1c0   ti_sysbios_family_c64p_Hwi_int14
0081a1e0   ti_sysbios_family_c64p_Hwi_int15
0081a9b4   __TI_Handler_Table_Base
0081a9c0   __TI_Handler_Table_Limit
0081a9dc   __TI_CINIT_Base
0081a9fc   __TI_CINIT_Limit
ffffffff   __TI_pprof_out_hndl
ffffffff   __TI_prof_data_size
ffffffff   __TI_prof_data_start
ffffffff   __binit__
ffffffff   __c_args__
ffffffff   binit
UNDEFED    __TI_INITARRAY_Base
UNDEFED    __TI_INITARRAY_Limit

[843 symbols]
